Component: ARM Compiler 5.06 update 4 (build 422) Tool: armlink [4d35d2]

==============================================================================

Section Cross References

    startup_stm32f407xx.o(RESET) refers to startup_stm32f407xx.o(STACK) for __initial_sp
    startup_stm32f407xx.o(RESET) refers to startup_stm32f407xx.o(.text) for Reset_Handler
    startup_stm32f407xx.o(RESET) refers to stm32fxxx_it.o(.text) for NMI_Handler
    startup_stm32f407xx.o(RESET) refers to tm_stm32_exti.o(.text) for EXTI0_IRQHandler
    startup_stm32f407xx.o(RESET) refers to tm_stm32_dma.o(.text) for DMA1_Stream0_IRQHandler
    startup_stm32f407xx.o(RESET) refers to tm_stm32_usart.o(.text) for USART1_IRQHandler
    startup_stm32f407xx.o(RESET) refers to fatfs_sd_sdio.o(.text) for SDIO_IRQHandler
    startup_stm32f407xx.o(.text) refers to system_stm32f4xx.o(.text) for SystemInit
    startup_stm32f407xx.o(.text) refers to entry.o(.ARM.Collect$$$$00000000) for __main
    stm32f4xx_hal.o(.text) refers to stm32f4xx_hal_cortex.o(.text) for HAL_SYSTICK_Config
    stm32f4xx_hal.o(.text) refers to tm_stm32_delay.o(.text) for HAL_GetTick
    stm32f4xx_hal.o(.text) refers to system_stm32f4xx.o(.data) for SystemCoreClock
    stm32f4xx_hal.o(.text) refers to stm32f4xx_hal.o(.data) for uwTick
    stm32f4xx_hal_dma.o(.text) refers to tm_stm32_delay.o(.text) for HAL_GetTick
    stm32f4xx_hal_dma.o(.text) refers to stm32f4xx_hal_dma.o(.constdata) for flagBitshiftOffset
    stm32f4xx_hal_dma.o(.text) refers to system_stm32f4xx.o(.data) for SystemCoreClock
    stm32f4xx_hal_i2c.o(.text) refers to stm32f4xx_hal_rcc.o(.text) for HAL_RCC_GetPCLK1Freq
    stm32f4xx_hal_i2c.o(.text) refers to tm_stm32_delay.o(.text) for HAL_GetTick
    stm32f4xx_hal_i2c.o(.text) refers to system_stm32f4xx.o(.data) for SystemCoreClock
    stm32f4xx_hal_i2c.o(.text) refers to stm32f4xx_hal_dma.o(.text) for HAL_DMA_GetError
    stm32f4xx_hal_pwr_ex.o(.text) refers to tm_stm32_delay.o(.text) for HAL_GetTick
    stm32f4xx_hal_rcc.o(.text) refers to tm_stm32_delay.o(.text) for HAL_GetTick
    stm32f4xx_hal_rcc.o(.text) refers to stm32f4xx_hal.o(.text) for HAL_InitTick
    stm32f4xx_hal_rcc.o(.text) refers to stm32f4xx_hal_gpio.o(.text) for HAL_GPIO_Init
    stm32f4xx_hal_rcc.o(.text) refers to system_stm32f4xx.o(.constdata) for AHBPrescTable
    stm32f4xx_hal_rcc.o(.text) refers to system_stm32f4xx.o(.data) for SystemCoreClock
    stm32f4xx_hal_rcc_ex.o(.text) refers to tm_stm32_delay.o(.text) for HAL_GetTick
    stm32f4xx_hal_rcc_ex.o(.text) refers to system_stm32f4xx.o(.data) for SystemCoreClock
    stm32f4xx_hal_uart.o(.text) refers to stm32f4xx_hal_rcc.o(.text) for HAL_RCC_GetPCLK2Freq
    stm32f4xx_hal_uart.o(.text) refers to tm_stm32_delay.o(.text) for HAL_GetTick
    stm32f4xx_hal_uart.o(.text) refers to stm32f4xx_hal_dma.o(.text) for HAL_DMA_Start_IT
    stm32f4xx_hal_usart.o(.text) refers to stm32f4xx_hal_rcc.o(.text) for HAL_RCC_GetPCLK2Freq
    stm32f4xx_hal_usart.o(.text) refers to tm_stm32_delay.o(.text) for HAL_GetTick
    stm32f4xx_hal_usart.o(.text) refers to stm32f4xx_hal_dma.o(.text) for HAL_DMA_Start_IT
    stm32f4xx_hal_flash.o(.text) refers to tm_stm32_delay.o(.text) for HAL_GetTick
    stm32f4xx_hal_flash.o(.text) refers to stm32f4xx_hal_flash_ex.o(.text) for FLASH_Erase_Sector
    stm32f4xx_hal_flash.o(.text) refers to stm32f4xx_hal_flash.o(.bss) for pFlash
    stm32f4xx_hal_flash_ex.o(.text) refers to stm32f4xx_hal_flash.o(.text) for FLASH_WaitForLastOperation
    stm32f4xx_hal_flash_ex.o(.text) refers to stm32f4xx_hal_flash.o(.bss) for pFlash
    stm32f4xx_hal_sd.o(.text) refers to stm32f4xx_ll_sdmmc.o(.text) for SDIO_GetPowerState
    stm32f4xx_hal_sd.o(.text) refers to tm_stm32_delay.o(.text) for HAL_Delay
    stm32f4xx_hal_sd.o(.text) refers to stm32f4xx_hal_dma.o(.text) for HAL_DMA_Start_IT
    stm32f4xx_hal_smartcard.o(.text) refers to stm32f4xx_hal_rcc.o(.text) for HAL_RCC_GetPCLK2Freq
    stm32f4xx_hal_smartcard.o(.text) refers to tm_stm32_delay.o(.text) for HAL_GetTick
    stm32f4xx_hal_smartcard.o(.text) refers to stm32f4xx_hal_dma.o(.text) for HAL_DMA_Start_IT
    stm32f4xx_ll_sdmmc.o(.text) refers to system_stm32f4xx.o(.data) for SystemCoreClock
    stm32f4xx_hal_spi.o(.text) refers to tm_stm32_delay.o(.text) for HAL_GetTick
    stm32f4xx_hal_spi.o(.text) refers to system_stm32f4xx.o(.data) for SystemCoreClock
    stm32f4xx_hal_spi.o(.text) refers to stm32f4xx_hal_dma.o(.text) for HAL_DMA_Start_IT
    tm_stm32_rcc.o(.text) refers to stm32f4xx_hal_rcc.o(.text) for HAL_RCC_OscConfig
    tm_stm32_gpio.o(.text) refers to tm_stm32_gpio.o(.bss) for GPIO_UsedPins
    tm_stm32_delay.o(.text) refers to mallocr.o(i.__malloc$realloc) for malloc
    tm_stm32_delay.o(.text) refers to mallocr.o(i.__free$realloc) for free
    tm_stm32_delay.o(.text) refers to tm_stm32_delay.o(.bss) for CustomTimers
    tm_stm32_delay.o(.text) refers to tm_stm32_delay.o(.data) for TM_Time
[...]
    HAL_SD_GetCardState                      0x08007353   Thumb Code    40  stm32f4xx_hal_sd.o(.text)
    HAL_SD_RxCpltCallback                    0x080073d7   Thumb Code     2  stm32f4xx_hal_sd.o(.text)
    HAL_SD_ReadBlocks_DMA                    0x0800741f   Thumb Code   282  stm32f4xx_hal_sd.o(.text)
    HAL_SD_WriteBlocks_DMA                   0x0800754b   Thumb Code   280  stm32f4xx_hal_sd.o(.text)
    HAL_SD_Erase                             0x08007663   Thumb Code   274  stm32f4xx_hal_sd.o(.text)
    HAL_SD_AbortCallback                     0x08007775   Thumb Code     2  stm32f4xx_hal_sd.o(.text)
    HAL_SD_TxCpltCallback                    0x0800786d   Thumb Code     2  stm32f4xx_hal_sd.o(.text)
    HAL_SD_IRQHandler                        0x0800786f   Thumb Code   504  stm32f4xx_hal_sd.o(.text)
    HAL_SD_GetState                          0x08007a67   Thumb Code     8  stm32f4xx_hal_sd.o(.text)
    HAL_SD_GetError                          0x08007a6f   Thumb Code     6  stm32f4xx_hal_sd.o(.text)
    HAL_SD_GetCardCID                        0x08007a75   Thumb Code   204  stm32f4xx_hal_sd.o(.text)
    HAL_SD_GetCardStatus                     0x08007c73   Thumb Code   202  stm32f4xx_hal_sd.o(.text)
    HAL_SD_GetCardInfo                       0x08007d3d   Thumb Code    38  stm32f4xx_hal_sd.o(.text)
    HAL_SD_ConfigWideBusOperation            0x08007f6d   Thumb Code   168  stm32f4xx_hal_sd.o(.text)
    HAL_SD_Abort                             0x08008015   Thumb Code   106  stm32f4xx_hal_sd.o(.text)
    HAL_SD_Abort_IT                          0x0800807f   Thumb Code   144  stm32f4xx_hal_sd.o(.text)
    SDIO_Init                                0x08008119   Thumb Code    52  stm32f4xx_ll_sdmmc.o(.text)
    SDIO_ReadFIFO                            0x0800814d   Thumb Code     8  stm32f4xx_ll_sdmmc.o(.text)
    SDIO_WriteFIFO                           0x08008155   Thumb Code    12  stm32f4xx_ll_sdmmc.o(.text)
    SDIO_PowerState_ON                       0x08008161   Thumb Code    10  stm32f4xx_ll_sdmmc.o(.text)
    SDIO_PowerState_OFF                      0x0800816b   Thumb Code     8  stm32f4xx_ll_sdmmc.o(.text)
    SDIO_GetPowerState                       0x08008173   Thumb Code    10  stm32f4xx_ll_sdmmc.o(.text)
    SDIO_SendCommand                         0x0800817d   Thumb Code    40  stm32f4xx_ll_sdmmc.o(.text)
    SDIO_GetCommandResponse                  0x080081a5   Thumb Code     8  stm32f4xx_ll_sdmmc.o(.text)
    SDIO_GetResponse                         0x080081ad   Thumb Code    22  stm32f4xx_ll_sdmmc.o(.text)
    SDIO_ConfigData                          0x080081c3   Thumb Code    44  stm32f4xx_ll_sdmmc.o(.text)
    SDIO_GetDataCounter                      0x080081ef   Thumb Code     6  stm32f4xx_ll_sdmmc.o(.text)
    SDIO_GetFIFOCount                        0x080081f5   Thumb Code     8  stm32f4xx_ll_sdmmc.o(.text)
    SDIO_SetSDMMCReadWaitMode                0x080081fd   Thumb Code    16  stm32f4xx_ll_sdmmc.o(.text)
    SDMMC_CmdBlockLength                     0x080083a9   Thumb Code    58  stm32f4xx_ll_sdmmc.o(.text)
    SDMMC_CmdReadSingleBlock                 0x080083e3   Thumb Code    58  stm32f4xx_ll_sdmmc.o(.text)
    SDMMC_CmdReadMultiBlock                  0x0800841d   Thumb Code    58  stm32f4xx_ll_sdmmc.o(.text)
    SDMMC_CmdWriteSingleBlock                0x08008457   Thumb Code    58  stm32f4xx_ll_sdmmc.o(.text)
    SDMMC_CmdWriteMultiBlock                 0x08008491   Thumb Code    58  stm32f4xx_ll_sdmmc.o(.text)
    SDMMC_CmdSDEraseStartAdd                 0x080084cb   Thumb Code    58  stm32f4xx_ll_sdmmc.o(.text)
    SDMMC_CmdSDEraseEndAdd                   0x08008505   Thumb Code    58  stm32f4xx_ll_sdmmc.o(.text)
    SDMMC_CmdEraseStartAdd                   0x0800853f   Thumb Code    58  stm32f4xx_ll_sdmmc.o(.text)
    SDMMC_CmdEraseEndAdd                     0x08008579   Thumb Code    58  stm32f4xx_ll_sdmmc.o(.text)
    SDMMC_CmdErase                           0x080085b3   Thumb Code    58  stm32f4xx_ll_sdmmc.o(.text)
    SDMMC_CmdStopTransfer                    0x080085ed   Thumb Code    66  stm32f4xx_ll_sdmmc.o(.text)
    SDMMC_CmdSelDesel                        0x0800862f   Thumb Code    60  stm32f4xx_ll_sdmmc.o(.text)
    SDMMC_CmdGoIdleState                     0x080086a7   Thumb Code    46  stm32f4xx_ll_sdmmc.o(.text)
    SDMMC_CmdOperCond                        0x08008727   Thumb Code    54  stm32f4xx_ll_sdmmc.o(.text)
    SDMMC_CmdAppCommand                      0x0800875d   Thumb Code    58  stm32f4xx_ll_sdmmc.o(.text)
    SDMMC_CmdAppOperCommand                  0x080087e1   Thumb Code    56  stm32f4xx_ll_sdmmc.o(.text)
    SDMMC_CmdBusWidth                        0x08008819   Thumb Code    58  stm32f4xx_ll_sdmmc.o(.text)
    SDMMC_CmdSendSCR                         0x08008853   Thumb Code    58  stm32f4xx_ll_sdmmc.o(.text)
    SDMMC_CmdSendCID                         0x080088e5   Thumb Code    52  stm32f4xx_ll_sdmmc.o(.text)
    SDMMC_CmdSendCSD                         0x08008919   Thumb Code    52  stm32f4xx_ll_sdmmc.o(.text)
    SDMMC_CmdSetRelAdd                       0x08008a05   Thumb Code    58  stm32f4xx_ll_sdmmc.o(.text)
    SDMMC_CmdSendStatus                      0x08008a3f   Thumb Code    58  stm32f4xx_ll_sdmmc.o(.text)
    SDMMC_CmdStatusRegister                  0x08008a79   Thumb Code    58  stm32f4xx_ll_sdmmc.o(.text)
    SDMMC_CmdOpCondition                     0x08008ab3   Thumb Code    52  stm32f4xx_ll_sdmmc.o(.text)
    SDMMC_CmdSwitch                          0x08008ae7   Thumb Code    58  stm32f4xx_ll_sdmmc.o(.text)
    TM_RCC_InitSystem                        0x08008b21   Thumb Code   172  tm_stm32_rcc.o(.text)
    TM_GPIO_GetPortSource                    0x08008bd5   Thumb Code    14  tm_stm32_gpio.o(.text)
    TM_GPIO_INT_Init                         0x08008be3   Thumb Code   170  tm_stm32_gpio.o(.text)
    TM_GPIO_INT_EnableClock                  0x08008c8d   Thumb Code    28  tm_stm32_gpio.o(.text)
    TM_GPIO_Init                             0x08008ca9   Thumb Code    48  tm_stm32_gpio.o(.text)
    TM_GPIO_InitAlternate                    0x08008cd9   Thumb Code   110  tm_stm32_gpio.o(.text)
    TM_GPIO_DeInit                           0x08008d47   Thumb Code    66  tm_stm32_gpio.o(.text)
    TM_GPIO_SetPinAsInput                    0x08008d89   Thumb Code    38  tm_stm32_gpio.o(.text)
    TM_GPIO_SetPinAsOutput                   0x08008daf   Thumb Code    46  tm_stm32_gpio.o(.text)
    TM_GPIO_SetPinAsAnalog                   0x08008ddd   Thumb Code    38  tm_stm32_gpio.o(.text)
    TM_GPIO_SetPinAsAlternate                0x08008e03   Thumb Code    50  tm_stm32_gpio.o(.text)
    TM_GPIO_SetPullResistor                  0x08008e35   Thumb Code    50  tm_stm32_gpio.o(.text)
    TM_GPIO_Lock                             0x08008e67   Thumb Code    16  tm_stm32_gpio.o(.text)
    TM_GPIO_GetPinSource                     0x08008e77   Thumb Code    18  tm_stm32_gpio.o(.text)
    TM_GPIO_INT_DisableClock                 0x08008e89   Thumb Code    26  tm_stm32_gpio.o(.text)
    TM_GPIO_GetUsedPins                      0x08008ea3   Thumb Code    18  tm_stm32_gpio.o(.text)
    TM_GPIO_GetFreePins                      0x08008eb5   Thumb Code    22  tm_stm32_gpio.o(.text)
    TM_DELAY_Init                            0x08008ed5   Thumb Code    64  tm_stm32_delay.o(.text)
    TM_DELAY_TimerCreate                     0x08008f15   Thumb Code    96  tm_stm32_delay.o(.text)
    TM_DELAY_TimerDelete                     0x08008f75   Thumb Code   122  tm_stm32_delay.o(.text)
    TM_DELAY_TimerStop                       0x08008fef   Thumb Code    10  tm_stm32_delay.o(.text)
    TM_DELAY_TimerStart                      0x08008ff9   Thumb Code    12  tm_stm32_delay.o(.text)
    TM_DELAY_TimerReset                      0x08009005   Thumb Code     6  tm_stm32_delay.o(.text)
    TM_DELAY_TimerAutoReloadCommand          0x0800900b   Thumb Code    18  tm_stm32_delay.o(.text)
    TM_DELAY_TimerAutoReloadValue            0x0800901d   Thumb Code     4  tm_stm32_delay.o(.text)
    TM_DELAY_1msHandler                      0x08009021   Thumb Code     2  tm_stm32_delay.o(.text)
    HAL_IncTick                              0x08009023   Thumb Code   214  tm_stm32_delay.o(.text)
    HAL_GetTick                              0x080090f9   Thumb Code     6  tm_stm32_delay.o(.text)
    HAL_Delay                                0x080090ff   Thumb Code    54  tm_stm32_delay.o(.text)
    TM_DISCO_LedInit                         0x08009149   Thumb Code    36  tm_stm32_disco.o(.text)
    TM_DISCO_ButtonInit                      0x0800916d   Thumb Code    24  tm_stm32_disco.o(.text)
    TM_DISCO_ButtonOnPressed                 0x08009185   Thumb Code    38  tm_stm32_disco.o(.text)
    TM_DISCO_ButtonOnReleased                0x080091ab   Thumb Code    40  tm_stm32_disco.o(.text)
    TM_BUFFER_Init                           0x080091e1   Thumb Code    68  tm_stm32_buffer.o(.text)
    TM_BUFFER_Free                           0x08009225   Thumb Code    32  tm_stm32_buffer.o(.text)
    TM_BUFFER_GetFree                        0x08009245   Thumb Code    40  tm_stm32_buffer.o(.text)
    TM_BUFFER_Write                          0x0800926d   Thumb Code   136  tm_stm32_buffer.o(.text)
    TM_BUFFER_WriteToTop                     0x080092f5   Thumb Code   120  tm_stm32_buffer.o(.text)
    TM_BUFFER_GetFull                        0x0800936d   Thumb Code    40  tm_stm32_buffer.o(.text)
    TM_BUFFER_Read                           0x08009395   Thumb Code   136  tm_stm32_buffer.o(.text)
    TM_BUFFER_Reset                          0x0800941d   Thumb Code    14  tm_stm32_buffer.o(.text)
    TM_BUFFER_FindElement                    0x0800942b   Thumb Code    70  tm_stm32_buffer.o(.text)
    TM_BUFFER_Find                           0x08009471   Thumb Code   144  tm_stm32_buffer.o(.text)
    TM_BUFFER_WriteString                    0x08009501   Thumb Code    26  tm_stm32_buffer.o(.text)
    TM_BUFFER_ReadString                     0x0800951b   Thumb Code   134  tm_stm32_buffer.o(.text)
    TM_BUFFER_CheckElement                   0x080095a1   Thumb Code    60  tm_stm32_buffer.o(.text)
    TM_I2C_GetHandle                         0x080095dd   Thumb Code    36  tm_stm32_i2c.o(.text)
    TM_I2C_InitCustomPinsCallback            0x0800961b   Thumb Code     2  tm_stm32_i2c.o(.text)
    TM_I2C_Init                              0x08009729   Thumb Code   168  tm_stm32_i2c.o(.text)
    TM_I2C_Read                              0x080097d1   Thumb Code    84  tm_stm32_i2c.o(.text)
    TM_I2C_ReadMulti                         0x08009825   Thumb Code    90  tm_stm32_i2c.o(.text)
    TM_I2C_ReadNoRegister                    0x0800987f   Thumb Code    50  tm_stm32_i2c.o(.text)
    TM_I2C_ReadMultiNoRegister               0x080098b1   Thumb Code    56  tm_stm32_i2c.o(.text)
    TM_I2C_Write                             0x080098e9   Thumb Code    64  tm_stm32_i2c.o(.text)
    TM_I2C_WriteMulti                        0x08009929   Thumb Code    74  tm_stm32_i2c.o(.text)
    TM_I2C_WriteNoRegister                   0x08009973   Thumb Code    52  tm_stm32_i2c.o(.text)
    TM_I2C_WriteMultiNoRegister              0x080099a7   Thumb Code   108  tm_stm32_i2c.o(.text)
    TM_I2C_Write16                           0x08009a13   Thumb Code    72  tm_stm32_i2c.o(.text)
    TM_I2C_Read16                            0x08009a5b   Thumb Code    98  tm_stm32_i2c.o(.text)
    TM_I2C_IsDeviceConnected                 0x08009abd   Thumb Code    36  tm_stm32_i2c.o(.text)
    TM_I2C_WriteReadRepeatedStart            0x08009ae1   Thumb Code    92  tm_stm32_i2c.o(.text)
    TM_MPU6050_SetGyroscope                  0x08009b3d   Thumb Code   112  tm_stm32_mpu6050.o(.text)
    TM_MPU6050_SetAccelerometer              0x08009bad   Thumb Code   112  tm_stm32_mpu6050.o(.text)
    TM_MPU6050_SetDataRate                   0x08009c1d   Thumb Code    28  tm_stm32_mpu6050.o(.text)
    TM_MPU6050_Init                          0x08009c39   Thumb Code   104  tm_stm32_mpu6050.o(.text)
    TM_MPU6050_EnableInterrupts              0x08009ca1   Thumb Code    56  tm_stm32_mpu6050.o(.text)
    TM_MPU6050_DisableInterrupts             0x08009cd9   Thumb Code    26  tm_stm32_mpu6050.o(.text)
    TM_MPU6050_ReadInterrupts                0x08009cf3   Thumb Code    38  tm_stm32_mpu6050.o(.text)
    TM_MPU6050_ReadAccelerometer             0x08009d19   Thumb Code    72  tm_stm32_mpu6050.o(.text)
    TM_MPU6050_ReadGyroscope                 0x08009d61   Thumb Code    72  tm_stm32_mpu6050.o(.text)
    TM_MPU6050_ReadTemperature               0x08009da9   Thumb Code    78  tm_stm32_mpu6050.o(.text)
    TM_MPU6050_ReadAll                       0x08009df7   Thumb Code   174  tm_stm32_mpu6050.o(.text)
    TM_EXTI_Attach                           0x08009ed5   Thumb Code   496  tm_stm32_exti.o(.text)
    TM_EXTI_Detach                           0x0800a0c5   Thumb Code    50  tm_stm32_exti.o(.text)
    TM_EXTI_DeInit                           0x0800a0f7   Thumb Code    70  tm_stm32_exti.o(.text)
    EXTI0_IRQHandler                         0x0800a13f   Thumb Code    28  tm_stm32_exti.o(.text)
    EXTI1_IRQHandler                         0x0800a15b   Thumb Code    28  tm_stm32_exti.o(.text)
    EXTI2_IRQHandler                         0x0800a177   Thumb Code    28  tm_stm32_exti.o(.text)
    EXTI3_IRQHandler                         0x0800a193   Thumb Code    28  tm_stm32_exti.o(.text)
    EXTI4_IRQHandler                         0x0800a1af   Thumb Code    28  tm_stm32_exti.o(.text)
    EXTI9_5_IRQHandler                       0x0800a1cb   Thumb Code   128  tm_stm32_exti.o(.text)
    EXTI15_10_IRQHandler                     0x0800a24b   Thumb Code   160  tm_stm32_exti.o(.text)
    MPU6050address                           0x0800a2f9   Thumb Code     6  tm_stm32_mpu6050_dmp.o(.text)
    I2Cdev_writeBytes                        0x0800a2ff   Thumb Code    44  tm_stm32_mpu6050_dmp.o(.text)
    I2Cdev_writeByte                         0x0800a32b   Thumb Code    20  tm_stm32_mpu6050_dmp.o(.text)
    I2Cdev_readBytes                         0x0800a33f   Thumb Code    44  tm_stm32_mpu6050_dmp.o(.text)
    I2Cdev_readByte                          0x0800a36b   Thumb Code    22  tm_stm32_mpu6050_dmp.o(.text)
    I2Cdev_writeBit                          0x0800a381   Thumb Code    80  tm_stm32_mpu6050_dmp.o(.text)
    MPU6050_setSleepEnabled                  0x0800a3d1   Thumb Code    20  tm_stm32_mpu6050_dmp.o(.text)
    I2Cdev_writeBits                         0x0800a3e5   Thumb Code    92  tm_stm32_mpu6050_dmp.o(.text)
    MPU6050_setFullScaleAccelRange           0x0800a441   Thumb Code    22  tm_stm32_mpu6050_dmp.o(.text)
    MPU6050_setFullScaleGyroRange            0x0800a457   Thumb Code    22  tm_stm32_mpu6050_dmp.o(.text)
    MPU6050_setClockSource                   0x0800a46d   Thumb Code    22  tm_stm32_mpu6050_dmp.o(.text)
    MPU6050_initialize                       0x0800a483   Thumb Code    28  tm_stm32_mpu6050_dmp.o(.text)
    I2Cdev_readBits                          0x0800a49f   Thumb Code    82  tm_stm32_mpu6050_dmp.o(.text)
    MPU6050_getDeviceID                      0x0800a4f1   Thumb Code    28  tm_stm32_mpu6050_dmp.o(.text)
    MPU6050_testConnection                   0x0800a50d   Thumb Code    18  tm_stm32_mpu6050_dmp.o(.text)
    I2Cdev_readBit                           0x0800a51f   Thumb Code    40  tm_stm32_mpu6050_dmp.o(.text)
    MPU6050_getAuxVDDIOLevel                 0x0800a547   Thumb Code    22  tm_stm32_mpu6050_dmp.o(.text)
    MPU6050_setAuxVDDIOLevel                 0x0800a55d   Thumb Code    20  tm_stm32_mpu6050_dmp.o(.text)
    MPU6050_getRate                          0x0800a571   Thumb Code    20  tm_stm32_mpu6050_dmp.o(.text)
    MPU6050_setRate                          0x0800a585   Thumb Code    18  tm_stm32_mpu6050_dmp.o(.text)
    MPU6050_getExternalFrameSync             0x0800a597   Thumb Code    28  tm_stm32_mpu6050_dmp.o(.text)
    MPU6050_setExternalFrameSync             0x0800a5b3   Thumb Code    22  tm_stm32_mpu6050_dmp.o(.text)
    MPU6050_getDLPFMode                      0x0800a5c9   Thumb Code    28  tm_stm32_mpu6050_dmp.o(.text)
    MPU6050_setDLPFMode                      0x0800a5e5   Thumb Code    22  tm_stm32_mpu6050_dmp.o(.text)
    MPU6050_getFullScaleGyroRange            0x0800a5fb   Thumb Code    28  tm_stm32_mpu6050_dmp.o(.text)
    MPU6050_getAccelXSelfTest                0x0800a617   Thumb Code    30  tm_stm32_mpu6050_dmp.o(.text)
    MPU6050_setAccelXSelfTest                0x0800a635   Thumb Code    20  tm_stm32_mpu6050_dmp.o(.text)
    MPU6050_getAccelYSelfTest                0x0800a649   Thumb Code    30  tm_stm32_mpu6050_dmp.o(.text)
    MPU6050_setAccelYSelfTest                0x0800a667   Thumb Code    20  tm_stm32_mpu6050_dmp.o(.text)
    MPU6050_getAccelZSelfTest                0x0800a67b   Thumb Code    30  tm_stm32_mpu6050_dmp.o(.text)
    MPU6050_setAccelZSelfTest                0x0800a699   Thumb Code    20  tm_stm32_mpu6050_dmp.o(.text)
    MPU6050_getFullScaleAccelRange           0x0800a6ad   Thumb Code    28  tm_stm32_mpu6050_dmp.o(.text)
    MPU6050_getDHPFMode                      0x0800a6c9   Thumb Code    36  tm_stm32_mpu6050_dmp.o(.text)
    MPU6050_setDHPFMode                      0x0800a6ed   Thumb Code    22  tm_stm32_mpu6050_dmp.o(.text)
    MPU6050_getFreefallDetectionThreshold    0x0800a703   Thumb Code    20  tm_stm32_mpu6050_dmp.o(.text)
    MPU6050_setFreefallDetectionThreshold    0x0800a717   Thumb Code    18  tm_stm32_mpu6050_dmp.o(.text)
    MPU6050_getFreefallDetectionDuration     0x0800a729   Thumb Code    20  tm_stm32_mpu6050_dmp.o(.text)
    MPU6050_setFreefallDetectionDuration     0x0800a73d   Thumb Code    18  tm_stm32_mpu6050_dmp.o(.text)
    MPU6050_getMotionDetectionThreshold      0x0800a74f   Thumb Code    20  tm_stm32_mpu6050_dmp.o(.text)
    MPU6050_setMotionDetectionThreshold      0x0800a763   Thumb Code    18  tm_stm32_mpu6050_dmp.o(.text)
    MPU6050_getMotionDetectionDuration       0x0800a775   Thumb Code    20  tm_stm32_mpu6050_dmp.o(.text)
    MPU6050_setMotionDetectionDuration       0x0800a789   Thumb Code    18  tm_stm32_mpu6050_dmp.o(.text)
    MPU6050_getZeroMotionDetectionThreshold  0x0800a79b   Thumb Code    20  tm_stm32_mpu6050_dmp.o(.text)
    MPU6050_setZeroMotionDetectionThreshold  0x0800a7af   Thumb Code    18  tm_stm32_mpu6050_dmp.o(.text)
    MPU6050_getZeroMotionDetectionDuration   0x0800a7c1   Thumb Code    20  tm_stm32_mpu6050_dmp.o(.text)
    MPU6050_setZeroMotionDetectionDuration   0x0800a7d5   Thumb Code    18  tm_stm32_mpu6050_dmp.o(.text)
    MPU6050_getTempFIFOEnabled               0x0800a7e7   Thumb Code    30  tm_stm32_mpu6050_dmp.o(.text)
    MPU6050_setTempFIFOEnabled               0x0800a805   Thumb Code    20  tm_stm32_mpu6050_dmp.o(.text)
    MPU6050_getXGyroFIFOEnabled              0x0800a819   Thumb Code    30  tm_stm32_mpu6050_dmp.o(.text)
    MPU6050_setXGyroFIFOEnabled              0x0800a837   Thumb Code    20  tm_stm32_mpu6050_dmp.o(.text)
    MPU6050_getYGyroFIFOEnabled              0x0800a84b   Thumb Code    30  tm_stm32_mpu6050_dmp.o(.text)
    MPU6050_setYGyroFIFOEnabled              0x0800a869   Thumb Code    20  tm_stm32_mpu6050_dmp.o(.text)
    MPU6050_getZGyroFIFOEnabled              0x0800a87d   Thumb Code    30  tm_stm32_mpu6050_dmp.o(.text)
    MPU6050_setZGyroFIFOEnabled              0x0800a89b   Thumb Code    20  tm_stm32_mpu6050_dmp.o(.text)
    MPU6050_getAccelFIFOEnabled              0x0800a8af   Thumb Code    30  tm_stm32_mpu6050_dmp.o(.text)
    MPU6050_setAccelFIFOEnabled              0x0800a8cd   Thumb Code    20  tm_stm32_mpu6050_dmp.o(.text)
    MPU6050_getSlave2FIFOEnabled             0x0800a8e1   Thumb Code    30  tm_stm32_mpu6050_dmp.o(.text)
    MPU6050_setSlave2FIFOEnabled             0x0800a8ff   Thumb Code    20  tm_stm32_mpu6050_dmp.o(.text)
    MPU6050_getSlave1FIFOEnabled             0x0800a913   Thumb Code    30  tm_stm32_mpu6050_dmp.o(.text)
    MPU6050_setSlave1FIFOEnabled             0x0800a931   Thumb Code    20  tm_stm32_mpu6050_dmp.o(.text)
    MPU6050_getSlave0FIFOEnabled             0x0800a945   Thumb Code    30  tm_stm32_mpu6050_dmp.o(.text)
    MPU6050_setSlave0FIFOEnabled             0x0800a963   Thumb Code    20  tm_stm32_mpu6050_dmp.o(.text)
    MPU6050_getMultiMasterEnabled            0x0800a977   Thumb Code    30  tm_stm32_mpu6050_dmp.o(.text)
    MPU6050_setMultiMasterEnabled            0x0800a995   Thumb Code    20  tm_stm32_mpu6050_dmp.o(.text)
    MPU6050_getWaitForExternalSensorEnabled  0x0800a9a9   Thumb Code    30  tm_stm32_mpu6050_dmp.o(.text)
    MPU6050_setWaitForExternalSensorEnabled  0x0800a9c7   Thumb Code    20  tm_stm32_mpu6050_dmp.o(.text)
    MPU6050_getSlave3FIFOEnabled             0x0800a9db   Thumb Code    30  tm_stm32_mpu6050_dmp.o(.text)
    MPU6050_setSlave3FIFOEnabled             0x0800a9f9   Thumb Code    20  tm_stm32_mpu6050_dmp.o(.text)
    MPU6050_getSlaveReadWriteTransitionEnabled 0x0800aa0d   Thumb Code    30  tm_stm32_mpu6050_dmp.o(.text)
    MPU6050_setSlaveReadWriteTransitionEnabled 0x0800aa2b   Thumb Code    20  tm_stm32_mpu6050_dmp.o(.text)
    MPU6050_getMasterClockSpeed              0x0800aa3f   Thumb Code    28  tm_stm32_mpu6050_dmp.o(.text)
    MPU6050_setMasterClockSpeed              0x0800aa5b   Thumb Code    22  tm_stm32_mpu6050_dmp.o(.text)
    MPU6050_getSlaveAddress                  0x0800aa71   Thumb Code    36  tm_stm32_mpu6050_dmp.o(.text)
    MPU6050_setSlaveAddress                  0x0800aa95   Thumb Code    34  tm_stm32_mpu6050_dmp.o(.text)
    MPU6050_getSlaveRegister                 0x0800aab7   Thumb Code    42  tm_stm32_mpu6050_dmp.o(.text)
    MPU6050_setSlaveRegister                 0x0800aae1   Thumb Code    34  tm_stm32_mpu6050_dmp.o(.text)
    MPU6050_getSlaveEnabled                  0x0800ab03   Thumb Code    46  tm_stm32_mpu6050_dmp.o(.text)
    MPU6050_setSlaveEnabled                  0x0800ab31   Thumb Code    36  tm_stm32_mpu6050_dmp.o(.text)
    MPU6050_getSlaveWordByteSwap             0x0800ab55   Thumb Code    46  tm_stm32_mpu6050_dmp.o(.text)
    MPU6050_setSlaveWordByteSwap             0x0800ab83   Thumb Code    36  tm_stm32_mpu6050_dmp.o(.text)
    MPU6050_getSlaveWriteMode                0x0800aba7   Thumb Code    46  tm_stm32_mpu6050_dmp.o(.text)
    MPU6050_setSlaveWriteMode                0x0800abd5   Thumb Code    36  tm_stm32_mpu6050_dmp.o(.text)
    MPU6050_getSlaveWordGroupOffset          0x0800abf9   Thumb Code    46  tm_stm32_mpu6050_dmp.o(.text)
    MPU6050_setSlaveWordGroupOffset          0x0800ac27   Thumb Code    36  tm_stm32_mpu6050_dmp.o(.text)
    MPU6050_getSlaveDataLength               0x0800ac4b   Thumb Code    44  tm_stm32_mpu6050_dmp.o(.text)
    MPU6050_setSlaveDataLength               0x0800ac77   Thumb Code    38  tm_stm32_mpu6050_dmp.o(.text)
    MPU6050_getSlave4Address                 0x0800ac9d   Thumb Code    20  tm_stm32_mpu6050_dmp.o(.text)
    MPU6050_setSlave4Address                 0x0800acb1   Thumb Code    18  tm_stm32_mpu6050_dmp.o(.text)
    MPU6050_getSlave4Register                0x0800acc3   Thumb Code    20  tm_stm32_mpu6050_dmp.o(.text)
    MPU6050_setSlave4Register                0x0800acd7   Thumb Code    18  tm_stm32_mpu6050_dmp.o(.text)
    MPU6050_setSlave4OutputByte              0x0800ace9   Thumb Code    18  tm_stm32_mpu6050_dmp.o(.text)
    MPU6050_getSlave4Enabled                 0x0800acfb   Thumb Code    30  tm_stm32_mpu6050_dmp.o(.text)
    MPU6050_setSlave4Enabled                 0x0800ad19   Thumb Code    20  tm_stm32_mpu6050_dmp.o(.text)
    MPU6050_getSlave4InterruptEnabled        0x0800ad2d   Thumb Code    30  tm_stm32_mpu6050_dmp.o(.text)
    MPU6050_setSlave4InterruptEnabled        0x0800ad4b   Thumb Code    20  tm_stm32_mpu6050_dmp.o(.text)
    MPU6050_getSlave4WriteMode               0x0800ad5f   Thumb Code    30  tm_stm32_mpu6050_dmp.o(.text)
    MPU6050_setSlave4WriteMode               0x0800ad7d   Thumb Code    20  tm_stm32_mpu6050_dmp.o(.text)
    MPU6050_getSlave4MasterDelay             0x0800ad91   Thumb Code    28  tm_stm32_mpu6050_dmp.o(.text)
    MPU6050_setSlave4MasterDelay             0x0800adad   Thumb Code    22  tm_stm32_mpu6050_dmp.o(.text)
    MPU6050_getSlate4InputByte               0x0800adc3   Thumb Code    20  tm_stm32_mpu6050_dmp.o(.text)
    MPU6050_getPassthroughStatus             0x0800add7   Thumb Code    30  tm_stm32_mpu6050_dmp.o(.text)
    MPU6050_getSlave4IsDone                  0x0800adf5   Thumb Code    30  tm_stm32_mpu6050_dmp.o(.text)
    MPU6050_getLostArbitration               0x0800ae13   Thumb Code    30  tm_stm32_mpu6050_dmp.o(.text)
    MPU6050_getSlave4Nack                    0x0800ae31   Thumb Code    30  tm_stm32_mpu6050_dmp.o(.text)
    MPU6050_getSlave3Nack                    0x0800ae4f   Thumb Code    30  tm_stm32_mpu6050_dmp.o(.text)
    MPU6050_getSlave2Nack                    0x0800ae6d   Thumb Code    30  tm_stm32_mpu6050_dmp.o(.text)
    MPU6050_getSlave1Nack                    0x0800ae8b   Thumb Code    30  tm_stm32_mpu6050_dmp.o(.text)
    MPU6050_getSlave0Nack                    0x0800aea9   Thumb Code    30  tm_stm32_mpu6050_dmp.o(.text)
    MPU6050_getInterruptMode                 0x0800aec7   Thumb Code    34  tm_stm32_mpu6050_dmp.o(.text)
    MPU6050_setInterruptMode                 0x0800aee9   Thumb Code    20  tm_stm32_mpu6050_dmp.o(.text)
    MPU6050_getInterruptDrive                0x0800aefd   Thumb Code    30  tm_stm32_mpu6050_dmp.o(.text)
    MPU6050_setInterruptDrive                0x0800af1b   Thumb Code    20  tm_stm32_mpu6050_dmp.o(.text)
    MPU6050_getInterruptLatch                0x0800af2f   Thumb Code    30  tm_stm32_mpu6050_dmp.o(.text)
    MPU6050_setInterruptLatch                0x0800af4d   Thumb Code    20  tm_stm32_mpu6050_dmp.o(.text)
    MPU6050_getInterruptLatchClear           0x0800af61   Thumb Code    30  tm_stm32_mpu6050_dmp.o(.text)
    MPU6050_setInterruptLatchClear           0x0800af7f   Thumb Code    20  tm_stm32_mpu6050_dmp.o(.text)
    MPU6050_getFSyncInterruptLevel           0x0800af93   Thumb Code    30  tm_stm32_mpu6050_dmp.o(.text)
    MPU6050_setFSyncInterruptLevel           0x0800afb1   Thumb Code    20  tm_stm32_mpu6050_dmp.o(.text)
    MPU6050_getFSyncInterruptEnabled         0x0800afc5   Thumb Code    30  tm_stm32_mpu6050_dmp.o(.text)
    MPU6050_setFSyncInterruptEnabled         0x0800afe3   Thumb Code    20  tm_stm32_mpu6050_dmp.o(.text)
    MPU6050_getI2CBypassEnabled              0x0800aff7   Thumb Code    30  tm_stm32_mpu6050_dmp.o(.text)
    MPU6050_setI2CBypassEnabled              0x0800b015   Thumb Code    20  tm_stm32_mpu6050_dmp.o(.text)
    MPU6050_getClockOutputEnabled            0x0800b029   Thumb Code    30  tm_stm32_mpu6050_dmp.o(.text)
    MPU6050_setClockOutputEnabled            0x0800b047   Thumb Code    20  tm_stm32_mpu6050_dmp.o(.text)
    MPU6050_getIntEnabled                    0x0800b05b   Thumb Code    20  tm_stm32_mpu6050_dmp.o(.text)
    MPU6050_setIntEnabled                    0x0800b06f   Thumb Code    18  tm_stm32_mpu6050_dmp.o(.text)
    MPU6050_getIntFreefallEnabled            0x0800b081   Thumb Code    30  tm_stm32_mpu6050_dmp.o(.text)
    MPU6050_setIntFreefallEnabled            0x0800b09f   Thumb Code    20  tm_stm32_mpu6050_dmp.o(.text)
    MPU6050_getIntMotionEnabled              0x0800b0b3   Thumb Code    30  tm_stm32_mpu6050_dmp.o(.text)
    MPU6050_setIntMotionEnabled              0x0800b0d1   Thumb Code    20  tm_stm32_mpu6050_dmp.o(.text)
    MPU6050_getIntZeroMotionEnabled          0x0800b0e5   Thumb Code    30  tm_stm32_mpu6050_dmp.o(.text)
    MPU6050_setIntZeroMotionEnabled          0x0800b103   Thumb Code    20  tm_stm32_mpu6050_dmp.o(.text)
    MPU6050_getIntFIFOBufferOverflowEnabled  0x0800b117   Thumb Code    30  tm_stm32_mpu6050_dmp.o(.text)
    MPU6050_setIntFIFOBufferOverflowEnabled  0x0800b135   Thumb Code    20  tm_stm32_mpu6050_dmp.o(.text)
    MPU6050_getIntI2CMasterEnabled           0x0800b149   Thumb Code    30  tm_stm32_mpu6050_dmp.o(.text)
    MPU6050_setIntI2CMasterEnabled           0x0800b167   Thumb Code    20  tm_stm32_mpu6050_dmp.o(.text)
    MPU6050_getIntDataReadyEnabled           0x0800b17b   Thumb Code    30  tm_stm32_mpu6050_dmp.o(.text)
    MPU6050_setIntDataReadyEnabled           0x0800b199   Thumb Code    20  tm_stm32_mpu6050_dmp.o(.text)
    MPU6050_getIntStatus                     0x0800b1ad   Thumb Code    20  tm_stm32_mpu6050_dmp.o(.text)
    MPU6050_getIntFreefallStatus             0x0800b1c1   Thumb Code    30  tm_stm32_mpu6050_dmp.o(.text)
    MPU6050_getIntMotionStatus               0x0800b1df   Thumb Code    30  tm_stm32_mpu6050_dmp.o(.text)
    MPU6050_getIntZeroMotionStatus           0x0800b1fd   Thumb Code    30  tm_stm32_mpu6050_dmp.o(.text)
    MPU6050_getIntFIFOBufferOverflowStatus   0x0800b21b   Thumb Code    30  tm_stm32_mpu6050_dmp.o(.text)
    MPU6050_getIntI2CMasterStatus            0x0800b239   Thumb Code    30  tm_stm32_mpu6050_dmp.o(.text)
    MPU6050_getIntDataReadyStatus            0x0800b257   Thumb Code    30  tm_stm32_mpu6050_dmp.o(.text)
    MPU6050_getMotion6                       0x0800b275   Thumb Code   130  tm_stm32_mpu6050_dmp.o(.text)
    MPU6050_getMotion9                       0x0800b2f7   Thumb Code    40  tm_stm32_mpu6050_dmp.o(.text)
    MPU6050_getAcceleration                  0x0800b31f   Thumb Code    68  tm_stm32_mpu6050_dmp.o(.text)
    MPU6050_getAccelerationX                 0x0800b363   Thumb Code    32  tm_stm32_mpu6050_dmp.o(.text)
    MPU6050_getAccelerationY                 0x0800b383   Thumb Code    32  tm_stm32_mpu6050_dmp.o(.text)
    MPU6050_getAccelerationZ                 0x0800b3a3   Thumb Code    32  tm_stm32_mpu6050_dmp.o(.text)
    MPU6050_getTemperature                   0x0800b3c3   Thumb Code    32  tm_stm32_mpu6050_dmp.o(.text)
    MPU6050_getRotation                      0x0800b3e3   Thumb Code    68  tm_stm32_mpu6050_dmp.o(.text)
    MPU6050_getRotationX                     0x0800b427   Thumb Code    32  tm_stm32_mpu6050_dmp.o(.text)
    MPU6050_getRotationY                     0x0800b447   Thumb Code    32  tm_stm32_mpu6050_dmp.o(.text)
    MPU6050_getRotationZ                     0x0800b467   Thumb Code    32  tm_stm32_mpu6050_dmp.o(.text)
    MPU6050_getExternalSensorByte            0x0800b487   Thumb Code    26  tm_stm32_mpu6050_dmp.o(.text)
    MPU6050_getExternalSensorWord            0x0800b4a1   Thumb Code    36  tm_stm32_mpu6050_dmp.o(.text)
    MPU6050_getExternalSensorDWord           0x0800b4c5   Thumb Code    52  tm_stm32_mpu6050_dmp.o(.text)
    MPU6050_getXNegMotionDetected            0x0800b4f9   Thumb Code    30  tm_stm32_mpu6050_dmp.o(.text)
    MPU6050_getXPosMotionDetected            0x0800b517   Thumb Code    30  tm_stm32_mpu6050_dmp.o(.text)
    MPU6050_getYNegMotionDetected            0x0800b535   Thumb Code    30  tm_stm32_mpu6050_dmp.o(.text)
    MPU6050_getYPosMotionDetected            0x0800b553   Thumb Code    30  tm_stm32_mpu6050_dmp.o(.text)
    MPU6050_getZNegMotionDetected            0x0800b571   Thumb Code    30  tm_stm32_mpu6050_dmp.o(.text)
    MPU6050_getZPosMotionDetected            0x0800b58f   Thumb Code    30  tm_stm32_mpu6050_dmp.o(.text)
    MPU6050_getZeroMotionDetected            0x0800b5ad   Thumb Code    30  tm_stm32_mpu6050_dmp.o(.text)
    MPU6050_setSlaveOutputByte               0x0800b5cb   Thumb Code    32  tm_stm32_mpu6050_dmp.o(.text)
    MPU6050_getExternalShadowDelayEnabled    0x0800b5eb   Thumb Code    30  tm_stm32_mpu6050_dmp.o(.text)
    MPU6050_setExternalShadowDelayEnabled    0x0800b609   Thumb Code    20  tm_stm32_mpu6050_dmp.o(.text)
    MPU6050_getSlaveDelayEnabled             0x0800b61d   Thumb Code    40  tm_stm32_mpu6050_dmp.o(.text)
    MPU6050_setSlaveDelayEnabled             0x0800b645   Thumb Code    22  tm_stm32_mpu6050_dmp.o(.text)
    MPU6050_resetGyroscopePath               0x0800b65b   Thumb Code    18  tm_stm32_mpu6050_dmp.o(.text)
    MPU6050_resetAccelerometerPath           0x0800b66d   Thumb Code    18  tm_stm32_mpu6050_dmp.o(.text)
    MPU6050_resetTemperaturePath             0x0800b67f   Thumb Code    18  tm_stm32_mpu6050_dmp.o(.text)
    MPU6050_getAccelerometerPowerOnDelay     0x0800b691   Thumb Code    28  tm_stm32_mpu6050_dmp.o(.text)
    MPU6050_setAccelerometerPowerOnDelay     0x0800b6ad   Thumb Code    22  tm_stm32_mpu6050_dmp.o(.text)
    MPU6050_getFreefallDetectionCounterDecrement 0x0800b6c3   Thumb Code    28  tm_stm32_mpu6050_dmp.o(.text)
    MPU6050_setFreefallDetectionCounterDecrement 0x0800b6df   Thumb Code    22  tm_stm32_mpu6050_dmp.o(.text)
    MPU6050_getMotionDetectionCounterDecrement 0x0800b6f5   Thumb Code    32  tm_stm32_mpu6050_dmp.o(.text)
    MPU6050_setMotionDetectionCounterDecrement 0x0800b715   Thumb Code    22  tm_stm32_mpu6050_dmp.o(.text)
    MPU6050_getFIFOEnabled                   0x0800b72b   Thumb Code    30  tm_stm32_mpu6050_dmp.o(.text)
    MPU6050_setFIFOEnabled                   0x0800b749   Thumb Code    20  tm_stm32_mpu6050_dmp.o(.text)
    MPU6050_getI2CMasterModeEnabled          0x0800b75d   Thumb Code    30  tm_stm32_mpu6050_dmp.o(.text)
    MPU6050_setI2CMasterModeEnabled          0x0800b77b   Thumb Code    20  tm_stm32_mpu6050_dmp.o(.text)
    MPU6050_switchSPIEnabled                 0x0800b78f   Thumb Code    20  tm_stm32_mpu6050_dmp.o(.text)
    MPU6050_resetFIFO                        0x0800b7a3   Thumb Code    18  tm_stm32_mpu6050_dmp.o(.text)
    MPU6050_resetI2CMaster                   0x0800b7b5   Thumb Code    18  tm_stm32_mpu6050_dmp.o(.text)
    MPU6050_resetSensors                     0x0800b7c7   Thumb Code    18  tm_stm32_mpu6050_dmp.o(.text)
    MPU6050_reset                            0x0800b7d9   Thumb Code    18  tm_stm32_mpu6050_dmp.o(.text)
    MPU6050_getSleepEnabled                  0x0800b7eb   Thumb Code    30  tm_stm32_mpu6050_dmp.o(.text)
    MPU6050_getWakeCycleEnabled              0x0800b809   Thumb Code    30  tm_stm32_mpu6050_dmp.o(.text)
    MPU6050_setWakeCycleEnabled              0x0800b827   Thumb Code    20  tm_stm32_mpu6050_dmp.o(.text)
    MPU6050_getTempSensorEnabled             0x0800b83b   Thumb Code    30  tm_stm32_mpu6050_dmp.o(.text)
    MPU6050_setTempSensorEnabled             0x0800b859   Thumb Code    22  tm_stm32_mpu6050_dmp.o(.text)
    MPU6050_getClockSource                   0x0800b86f   Thumb Code    28  tm_stm32_mpu6050_dmp.o(.text)
    MPU6050_getWakeFrequency                 0x0800b88b   Thumb Code    28  tm_stm32_mpu6050_dmp.o(.text)
    MPU6050_setWakeFrequency                 0x0800b8a7   Thumb Code    22  tm_stm32_mpu6050_dmp.o(.text)
    MPU6050_getStandbyXAccelEnabled          0x0800b8bd   Thumb Code    30  tm_stm32_mpu6050_dmp.o(.text)
    MPU6050_setStandbyXAccelEnabled          0x0800b8db   Thumb Code    20  tm_stm32_mpu6050_dmp.o(.text)
    MPU6050_getStandbyYAccelEnabled          0x0800b8ef   Thumb Code    30  tm_stm32_mpu6050_dmp.o(.text)
    MPU6050_setStandbyYAccelEnabled          0x0800b90d   Thumb Code    20  tm_stm32_mpu6050_dmp.o(.text)
    MPU6050_getStandbyZAccelEnabled          0x0800b921   Thumb Code    30  tm_stm32_mpu6050_dmp.o(.text)
    MPU6050_setStandbyZAccelEnabled          0x0800b93f   Thumb Code    20  tm_stm32_mpu6050_dmp.o(.text)
    MPU6050_getStandbyXGyroEnabled           0x0800b953   Thumb Code    30  tm_stm32_mpu6050_dmp.o(.text)
    MPU6050_setStandbyXGyroEnabled           0x0800b971   Thumb Code    20  tm_stm32_mpu6050_dmp.o(.text)
    MPU6050_getStandbyYGyroEnabled           0x0800b985   Thumb Code    30  tm_stm32_mpu6050_dmp.o(.text)
    MPU6050_setStandbyYGyroEnabled           0x0800b9a3   Thumb Code    20  tm_stm32_mpu6050_dmp.o(.text)
    MPU6050_getStandbyZGyroEnabled           0x0800b9b7   Thumb Code    30  tm_stm32_mpu6050_dmp.o(.text)
    MPU6050_setStandbyZGyroEnabled           0x0800b9d5   Thumb Code    20  tm_stm32_mpu6050_dmp.o(.text)
    MPU6050_getFIFOCount                     0x0800b9e9   Thumb Code    30  tm_stm32_mpu6050_dmp.o(.text)
    MPU6050_getFIFOByte                      0x0800ba07   Thumb Code    20  tm_stm32_mpu6050_dmp.o(.text)
    MPU6050_getFIFOBytes                     0x0800ba1b   Thumb Code    22  tm_stm32_mpu6050_dmp.o(.text)
    MPU6050_setFIFOByte                      0x0800ba31   Thumb Code    18  tm_stm32_mpu6050_dmp.o(.text)
    MPU6050_setDeviceID                      0x0800ba43   Thumb Code    22  tm_stm32_mpu6050_dmp.o(.text)
    MPU6050_getOTPBankValid                  0x0800ba59   Thumb Code    22  tm_stm32_mpu6050_dmp.o(.text)
    MPU6050_setOTPBankValid                  0x0800ba6f   Thumb Code    20  tm_stm32_mpu6050_dmp.o(.text)
    MPU6050_getXGyroOffsetTC                 0x0800ba83   Thumb Code    30  tm_stm32_mpu6050_dmp.o(.text)
    MPU6050_setXGyroOffsetTC                 0x0800baa1   Thumb Code    24  tm_stm32_mpu6050_dmp.o(.text)
    MPU6050_getYGyroOffsetTC                 0x0800bab9   Thumb Code    30  tm_stm32_mpu6050_dmp.o(.text)
    MPU6050_setYGyroOffsetTC                 0x0800bad7   Thumb Code    24  tm_stm32_mpu6050_dmp.o(.text)
    MPU6050_getZGyroOffsetTC                 0x0800baef   Thumb Code    34  tm_stm32_mpu6050_dmp.o(.text)
    MPU6050_setZGyroOffsetTC                 0x0800bb11   Thumb Code    24  tm_stm32_mpu6050_dmp.o(.text)
    MPU6050_getXFineGain                     0x0800bb29   Thumb Code    22  tm_stm32_mpu6050_dmp.o(.text)
    MPU6050_setXFineGain                     0x0800bb3f   Thumb Code    18  tm_stm32_mpu6050_dmp.o(.text)
    MPU6050_getYFineGain                     0x0800bb51   Thumb Code    22  tm_stm32_mpu6050_dmp.o(.text)
    MPU6050_setYFineGain                     0x0800bb67   Thumb Code    18  tm_stm32_mpu6050_dmp.o(.text)
    MPU6050_getZFineGain                     0x0800bb79   Thumb Code    22  tm_stm32_mpu6050_dmp.o(.text)
    MPU6050_setZFineGain                     0x0800bb8f   Thumb Code    18  tm_stm32_mpu6050_dmp.o(.text)
    MPU6050_getXAccelOffset                  0x0800bba1   Thumb Code    32  tm_stm32_mpu6050_dmp.o(.text)
    I2Cdev_writeWord                         0x0800bbc1   Thumb Code    40  tm_stm32_mpu6050_dmp.o(.text)
    MPU6050_setXAccelOffset                  0x0800bbe9   Thumb Code    18  tm_stm32_mpu6050_dmp.o(.text)
    MPU6050_getYAccelOffset                  0x0800bbfb   Thumb Code    32  tm_stm32_mpu6050_dmp.o(.text)
    MPU6050_setYAccelOffset                  0x0800bc1b   Thumb Code    18  tm_stm32_mpu6050_dmp.o(.text)
    MPU6050_getZAccelOffset                  0x0800bc2d   Thumb Code    32  tm_stm32_mpu6050_dmp.o(.text)
    MPU6050_setZAccelOffset                  0x0800bc4d   Thumb Code    18  tm_stm32_mpu6050_dmp.o(.text)
    MPU6050_getXGyroOffset                   0x0800bc5f   Thumb Code    32  tm_stm32_mpu6050_dmp.o(.text)
    MPU6050_setXGyroOffset                   0x0800bc7f   Thumb Code    18  tm_stm32_mpu6050_dmp.o(.text)
    MPU6050_getYGyroOffset                   0x0800bc91   Thumb Code    32  tm_stm32_mpu6050_dmp.o(.text)
    MPU6050_setYGyroOffset                   0x0800bcb1   Thumb Code    18  tm_stm32_mpu6050_dmp.o(.text)
    MPU6050_getZGyroOffset                   0x0800bcc3   Thumb Code    32  tm_stm32_mpu6050_dmp.o(.text)
    MPU6050_setZGyroOffset                   0x0800bce3   Thumb Code    18  tm_stm32_mpu6050_dmp.o(.text)
    MPU6050_getIntPLLReadyEnabled            0x0800bcf5   Thumb Code    30  tm_stm32_mpu6050_dmp.o(.text)
    MPU6050_setIntPLLReadyEnabled            0x0800bd13   Thumb Code    20  tm_stm32_mpu6050_dmp.o(.text)
    MPU6050_getIntDMPEnabled                 0x0800bd27   Thumb Code    30  tm_stm32_mpu6050_dmp.o(.text)
    MPU6050_setIntDMPEnabled                 0x0800bd45   Thumb Code    20  tm_stm32_mpu6050_dmp.o(.text)
    MPU6050_getDMPInt5Status                 0x0800bd59   Thumb Code    30  tm_stm32_mpu6050_dmp.o(.text)
    MPU6050_getDMPInt4Status                 0x0800bd77   Thumb Code    30  tm_stm32_mpu6050_dmp.o(.text)
    MPU6050_getDMPInt3Status                 0x0800bd95   Thumb Code    30  tm_stm32_mpu6050_dmp.o(.text)
    MPU6050_getDMPInt2Status                 0x0800bdb3   Thumb Code    30  tm_stm32_mpu6050_dmp.o(.text)
    MPU6050_getDMPInt1Status                 0x0800bdd1   Thumb Code    30  tm_stm32_mpu6050_dmp.o(.text)
    MPU6050_getDMPInt0Status                 0x0800bdef   Thumb Code    30  tm_stm32_mpu6050_dmp.o(.text)
    MPU6050_getIntPLLReadyStatus             0x0800be0d   Thumb Code    30  tm_stm32_mpu6050_dmp.o(.text)
    MPU6050_getIntDMPStatus                  0x0800be2b   Thumb Code    30  tm_stm32_mpu6050_dmp.o(.text)
    MPU6050_getDMPEnabled                    0x0800be49   Thumb Code    30  tm_stm32_mpu6050_dmp.o(.text)
    MPU6050_setDMPEnabled                    0x0800be67   Thumb Code    20  tm_stm32_mpu6050_dmp.o(.text)
    MPU6050_resetDMP                         0x0800be7b   Thumb Code    18  tm_stm32_mpu6050_dmp.o(.text)
    MPU6050_setMemoryBank                    0x0800be8d   Thumb Code    38  tm_stm32_mpu6050_dmp.o(.text)
    MPU6050_setMemoryStartAddress            0x0800beb3   Thumb Code    18  tm_stm32_mpu6050_dmp.o(.text)
    MPU6050_readMemoryByte                   0x0800bec5   Thumb Code    20  tm_stm32_mpu6050_dmp.o(.text)
    MPU6050_writeMemoryByte                  0x0800bed9   Thumb Code    18  tm_stm32_mpu6050_dmp.o(.text)
    MPU6050_readMemoryBlock                  0x0800beeb   Thumb Code   124  tm_stm32_mpu6050_dmp.o(.text)
    MPU6050_writeMemoryBlock                 0x0800bf67   Thumb Code   242  tm_stm32_mpu6050_dmp.o(.text)
    MPU6050_writeProgMemoryBlock             0x0800c059   Thumb Code    38  tm_stm32_mpu6050_dmp.o(.text)
    MPU6050_writeDMPConfigurationSet         0x0800c07f   Thumb Code   258  tm_stm32_mpu6050_dmp.o(.text)
    MPU6050_writeProgDMPConfigurationSet     0x0800c181   Thumb Code    18  tm_stm32_mpu6050_dmp.o(.text)
    MPU6050_getDMPConfig1                    0x0800c193   Thumb Code    20  tm_stm32_mpu6050_dmp.o(.text)
    MPU6050_setDMPConfig1                    0x0800c1a7   Thumb Code    18  tm_stm32_mpu6050_dmp.o(.text)
    MPU6050_getDMPConfig2                    0x0800c1b9   Thumb Code    20  tm_stm32_mpu6050_dmp.o(.text)
    MPU6050_setDMPConfig2                    0x0800c1cd   Thumb Code    18  tm_stm32_mpu6050_dmp.o(.text)
    I2Cdev_readWords                         0x0800c1df   Thumb Code   104  tm_stm32_mpu6050_dmp.o(.text)
    I2Cdev_readWord                          0x0800c247   Thumb Code    22  tm_stm32_mpu6050_dmp.o(.text)
    I2Cdev_writeWords                        0x0800c25d   Thumb Code   104  tm_stm32_mpu6050_dmp.o(.text)
    I2Cdev_writeBitW                         0x0800c2c5   Thumb Code    66  tm_stm32_mpu6050_dmp.o(.text)
    I2Cdev_writeBitsW                        0x0800c307   Thumb Code    98  tm_stm32_mpu6050_dmp.o(.text)
    MPU6050_dmpInitialize                    0x0800c369   Thumb Code   792  tm_stm32_mpu6050_dmp_6axis_motionapps20.o(.text)
    MPU6050_dmpGetFIFOPacketSize             0x0800c681   Thumb Code     6  tm_stm32_mpu6050_dmp_6axis_motionapps20.o(.text)
    MPU6050_dmpPacketAvailable               0x0800c687   Thumb Code    24  tm_stm32_mpu6050_dmp_6axis_motionapps20.o(.text)
    MPU6050_dmpGetAccel_data32               0x0800c69f   Thumb Code    82  tm_stm32_mpu6050_dmp_6axis_motionapps20.o(.text)
    MPU6050_dmpGetAccel_data16               0x0800c6f1   Thumb Code    52  tm_stm32_mpu6050_dmp_6axis_motionapps20.o(.text)
    MPU6050_dmpGetAccelVectorInt16           0x0800c725   Thumb Code    52  tm_stm32_mpu6050_dmp_6axis_motionapps20.o(.text)
    MPU6050_dmpGetQuaternion_int32           0x0800c759   Thumb Code   120  tm_stm32_mpu6050_dmp_6axis_motionapps20.o(.text)
    MPU6050_dmpGetQuaternion_int16           0x0800c7d1   Thumb Code    60  tm_stm32_mpu6050_dmp_6axis_motionapps20.o(.text)
    MPU6050_dmpGetQuaternion                 0x0800c80d   Thumb Code   124  tm_stm32_mpu6050_dmp_6axis_motionapps20.o(.text)
    MPU6050_dmpGetGyro_int32                 0x0800c889   Thumb Code    78  tm_stm32_mpu6050_dmp_6axis_motionapps20.o(.text)
    MPU6050_dmpGetGyro_int16                 0x0800c8d7   Thumb Code    48  tm_stm32_mpu6050_dmp_6axis_motionapps20.o(.text)
    MPU6050_dmpGetGyro_VectorInt16           0x0800c907   Thumb Code    48  tm_stm32_mpu6050_dmp_6axis_motionapps20.o(.text)
    MPU6050_dmpGetLinearAccel_VectorInt16    0x0800c937   Thumb Code   114  tm_stm32_mpu6050_dmp_6axis_motionapps20.o(.text)
    MPU6050_dmpGetLinearAccelInWorld         0x0800c9a9   Thumb Code    14  tm_stm32_mpu6050_dmp_6axis_motionapps20.o(.text)
    MPU6050_dmpGetGravity                    0x0800c9b7   Thumb Code   126  tm_stm32_mpu6050_dmp_6axis_motionapps20.o(.text)
    MPU6050_dmpGetEuler                      0x0800ca35   Thumb Code   432  tm_stm32_mpu6050_dmp_6axis_motionapps20.o(.text)
    MPU6050_dmpGetYawPitchRoll               0x0800cbe5   Thumb Code   402  tm_stm32_mpu6050_dmp_6axis_motionapps20.o(.text)
    MPU6050_dmpProcessFIFOPacket             0x0800cd77   Thumb Code     6  tm_stm32_mpu6050_dmp_6axis_motionapps20.o(.text)
    MPU6050_dmpReadAndProcessFIFOPacket      0x0800cd7d   Thumb Code    92  tm_stm32_mpu6050_dmp_6axis_motionapps20.o(.text)
    TM_USART_InitCustomPinsCallback          0x0800ce11   Thumb Code     2  tm_stm32_usart.o(.text)
    TM_USART6_InitPins                       0x0800ce13   Thumb Code    66  tm_stm32_usart.o(.text)
    TM_UART5_InitPins                        0x0800ce55   Thumb Code    60  tm_stm32_usart.o(.text)
    TM_UART4_InitPins                        0x0800ce91   Thumb Code    62  tm_stm32_usart.o(.text)
    TM_USART3_InitPins                       0x0800cecf   Thumb Code    88  tm_stm32_usart.o(.text)
    TM_USART2_InitPins                       0x0800cf27   Thumb Code    64  tm_stm32_usart.o(.text)
    TM_USART1_InitPins                       0x0800cf67   Thumb Code   108  tm_stm32_usart.o(.text)
    TM_USART_Init                            0x0800d239   Thumb Code   190  tm_stm32_usart.o(.text)
    TM_USART_InitWithFlowControl             0x0800d2f7   Thumb Code   196  tm_stm32_usart.o(.text)
    TM_USART_Getc                            0x0800d3ef   Thumb Code    32  tm_stm32_usart.o(.text)
    TM_USART_Gets                            0x0800d40f   Thumb Code    32  tm_stm32_usart.o(.text)
    TM_USART_Puts                            0x0800d42f   Thumb Code    40  tm_stm32_usart.o(.text)
    TM_USART_Send                            0x0800d457   Thumb Code    44  tm_stm32_usart.o(.text)
    TM_USART_FindCharacter                   0x0800d483   Thumb Code    24  tm_stm32_usart.o(.text)
    TM_USART_FindString                      0x0800d49b   Thumb Code    38  tm_stm32_usart.o(.text)
    TM_USART_BufferEmpty                     0x0800d4c1   Thumb Code    26  tm_stm32_usart.o(.text)
    TM_USART_BufferFull                      0x0800d4db   Thumb Code    26  tm_stm32_usart.o(.text)
    TM_USART_BufferCount                     0x0800d4f5   Thumb Code    20  tm_stm32_usart.o(.text)
    TM_USART_ClearBuffer                     0x0800d509   Thumb Code    18  tm_stm32_usart.o(.text)
    TM_USART_SetCustomStringEndCharacter     0x0800d51b   Thumb Code    16  tm_stm32_usart.o(.text)
    TM_USART1_ReceiveHandler                 0x0800d52b   Thumb Code     2  tm_stm32_usart.o(.text)
    TM_USART2_ReceiveHandler                 0x0800d52d   Thumb Code     2  tm_stm32_usart.o(.text)
    TM_USART3_ReceiveHandler                 0x0800d52f   Thumb Code     2  tm_stm32_usart.o(.text)
    TM_UART4_ReceiveHandler                  0x0800d531   Thumb Code     2  tm_stm32_usart.o(.text)
    TM_UART5_ReceiveHandler                  0x0800d533   Thumb Code     2  tm_stm32_usart.o(.text)
    TM_USART6_ReceiveHandler                 0x0800d535   Thumb Code     2  tm_stm32_usart.o(.text)
    TM_UART7_ReceiveHandler                  0x0800d537   Thumb Code     2  tm_stm32_usart.o(.text)
    TM_UART8_ReceiveHandler                  0x0800d539   Thumb Code     2  tm_stm32_usart.o(.text)
    USART1_IRQHandler                        0x0800d5df   Thumb Code    34  tm_stm32_usart.o(.text)
    USART2_IRQHandler                        0x0800d601   Thumb Code    88  tm_stm32_usart.o(.text)
    USART3_IRQHandler                        0x0800d659   Thumb Code    36  tm_stm32_usart.o(.text)
    UART4_IRQHandler                         0x0800d67d   Thumb Code    36  tm_stm32_usart.o(.text)
    UART5_IRQHandler                         0x0800d6a1   Thumb Code    34  tm_stm32_usart.o(.text)
    USART6_IRQHandler                        0x0800d6c3   Thumb Code    36  tm_stm32_usart.o(.text)
    TM_DMA_ClearFlag                         0x0800d709   Thumb Code    64  tm_stm32_dma.o(.text)
    TM_DMA_ClearFlags                        0x0800d749   Thumb Code    14  tm_stm32_dma.o(.text)
    TM_DMA_GetFlags                          0x0800d757   Thumb Code    72  tm_stm32_dma.o(.text)
    TM_DMA_EnableInterrupts                  0x0800d79f   Thumb Code   100  tm_stm32_dma.o(.text)
    TM_DMA_DisableInterrupts                 0x0800d803   Thumb Code    74  tm_stm32_dma.o(.text)
    TM_DMA_Init                              0x0800d84d   Thumb Code    62  tm_stm32_dma.o(.text)
    TM_DMA_DeInit                            0x0800d88b   Thumb Code    18  tm_stm32_dma.o(.text)
    TM_DMA_Start                             0x0800d89d   Thumb Code    38  tm_stm32_dma.o(.text)
    TM_DMA_TransferCompleteHandler           0x0800d8c3   Thumb Code     2  tm_stm32_dma.o(.text)
    TM_DMA_HalfTransferCompleteHandler       0x0800d8c5   Thumb Code     2  tm_stm32_dma.o(.text)
    TM_DMA_TransferErrorHandler              0x0800d8c7   Thumb Code     2  tm_stm32_dma.o(.text)
    TM_DMA_DirectModeErrorHandler            0x0800d8c9   Thumb Code     2  tm_stm32_dma.o(.text)
    TM_DMA_FIFOErrorHandler                  0x0800d8cb   Thumb Code     2  tm_stm32_dma.o(.text)
    DMA1_Stream0_IRQHandler                  0x0800d949   Thumb Code    12  tm_stm32_dma.o(.text)
    DMA1_Stream1_IRQHandler                  0x0800d955   Thumb Code    12  tm_stm32_dma.o(.text)
    DMA1_Stream2_IRQHandler                  0x0800d961   Thumb Code    12  tm_stm32_dma.o(.text)
    DMA1_Stream3_IRQHandler                  0x0800d96d   Thumb Code    12  tm_stm32_dma.o(.text)
    DMA1_Stream4_IRQHandler                  0x0800d979   Thumb Code    12  tm_stm32_dma.o(.text)
    DMA1_Stream5_IRQHandler                  0x0800d985   Thumb Code    12  tm_stm32_dma.o(.text)
    DMA1_Stream6_IRQHandler                  0x0800d991   Thumb Code    12  tm_stm32_dma.o(.text)
    DMA1_Stream7_IRQHandler                  0x0800d99d   Thumb Code    12  tm_stm32_dma.o(.text)
    DMA2_Stream0_IRQHandler                  0x0800d9a9   Thumb Code    10  tm_stm32_dma.o(.text)
    DMA2_Stream1_IRQHandler                  0x0800d9b3   Thumb Code    12  tm_stm32_dma.o(.text)
    DMA2_Stream2_IRQHandler                  0x0800d9bf   Thumb Code    12  tm_stm32_dma.o(.text)
    DMA2_Stream4_IRQHandler                  0x0800d9cb   Thumb Code    12  tm_stm32_dma.o(.text)
    DMA2_Stream5_IRQHandler                  0x0800d9d7   Thumb Code    12  tm_stm32_dma.o(.text)
    DMA2_Stream7_IRQHandler                  0x0800d9e3   Thumb Code    12  tm_stm32_dma.o(.text)
    dmpDataReady                             0x0800da05   Thumb Code     8  main.o(.text)
    main                                     0x0800da0d   Thumb Code  1588  main.o(.text)
    TM_EXTI_Handler                          0x0800e041   Thumb Code    20  main.o(.text)
    NMI_Handler                              0x0800e0ed   Thumb Code     2  stm32fxxx_it.o(.text)
    HardFault_Handler                        0x0800e0ef   Thumb Code     4  stm32fxxx_it.o(.text)
    MemManage_Handler                        0x0800e0f3   Thumb Code     4  stm32fxxx_it.o(.text)
    BusFault_Handler                         0x0800e0f7   Thumb Code     4  stm32fxxx_it.o(.text)
    UsageFault_Handler                       0x0800e0fb   Thumb Code     4  stm32fxxx_it.o(.text)
    SVC_Handler                              0x0800e0ff   Thumb Code     2  stm32fxxx_it.o(.text)
    DebugMon_Handler                         0x0800e101   Thumb Code     2  stm32fxxx_it.o(.text)
    PendSV_Handler                           0x0800e103   Thumb Code     2  stm32fxxx_it.o(.text)
    TimingDelay_Decrement                    0x0800e105   Thumb Code     2  stm32fxxx_it.o(.text)
    SysTick_Handler                          0x0800e107   Thumb Code     8  stm32fxxx_it.o(.text)
    SystemInit                               0x0800e111   Thumb Code    82  system_stm32f4xx.o(.text)
    SystemCoreClockUpdate                    0x0800e163   Thumb Code   174  system_stm32f4xx.o(.text)
    TM_FATFS_AddDriver                       0x0800e231   Thumb Code    76  diskio.o(.text)
    disk_initialize                          0x0800e27d   Thumb Code    34  diskio.o(.text)
    disk_status                              0x0800e29f   Thumb Code    38  diskio.o(.text)
    disk_read                                0x0800e2c5   Thumb Code    58  diskio.o(.text)
    disk_write                               0x0800e2ff   Thumb Code    58  diskio.o(.text)
    disk_ioctl                               0x0800e339   Thumb Code    44  diskio.o(.text)
    get_fattime                              0x0800e365   Thumb Code     4  diskio.o(.text)
    TM_FATFS_USBFS_disk_initialize           0x0800e371   Thumb Code     4  diskio.o(.text)
    TM_FATFS_USBHS_disk_initialize           0x0800e375   Thumb Code     4  diskio.o(.text)
    TM_FATFS_SDRAM_disk_initialize           0x0800e379   Thumb Code     4  diskio.o(.text)
    TM_FATFS_SPI_FLASH_disk_initialize       0x0800e37d   Thumb Code     4  diskio.o(.text)
    TM_FATFS_USBFS_disk_status               0x0800e389   Thumb Code     4  diskio.o(.text)
    TM_FATFS_USBHS_disk_status               0x0800e38d   Thumb Code     4  diskio.o(.text)
    TM_FATFS_SDRAM_disk_status               0x0800e391   Thumb Code     4  diskio.o(.text)
    TM_FATFS_SPI_FLASH_disk_status           0x0800e395   Thumb Code     4  diskio.o(.text)
    TM_FATFS_USBFS_disk_ioctl                0x0800e3a5   Thumb Code     6  diskio.o(.text)
    TM_FATFS_USBHS_disk_ioctl                0x0800e3ab   Thumb Code     6  diskio.o(.text)
    TM_FATFS_SDRAM_disk_ioctl                0x0800e3b1   Thumb Code     6  diskio.o(.text)
    TM_FATFS_SPI_FLASH_disk_ioctl            0x0800e3b7   Thumb Code     6  diskio.o(.text)
    TM_FATFS_USBFS_disk_read                 0x0800e3c9   Thumb Code     6  diskio.o(.text)
    TM_FATFS_USBHS_disk_read                 0x0800e3cf   Thumb Code     6  diskio.o(.text)
    TM_FATFS_SDRAM_disk_read                 0x0800e3d5   Thumb Code     6  diskio.o(.text)
    TM_FATFS_SPI_FLASH_disk_read             0x0800e3db   Thumb Code     6  diskio.o(.text)
    TM_FATFS_USBFS_disk_write                0x0800e3ed   Thumb Code     6  diskio.o(.text)
    TM_FATFS_USBHS_disk_write                0x0800e3f3   Thumb Code     6  diskio.o(.text)
    TM_FATFS_SDRAM_disk_write                0x0800e3f9   Thumb Code     6  diskio.o(.text)
    TM_FATFS_SPI_FLASH_disk_write            0x0800e3ff   Thumb Code     6  diskio.o(.text)
    f_mount                                  0x08010893   Thumb Code    92  ff.o(.text)
    f_open                                   0x080108ef   Thumb Code   978  ff.o(.text)
    f_read                                   0x08010cc1   Thumb Code   526  ff.o(.text)
    f_write                                  0x08010ecf   Thumb Code   616  ff.o(.text)
    f_sync                                   0x08011137   Thumb Code   406  ff.o(.text)
    f_close                                  0x080112cd   Thumb Code    44  ff.o(.text)
    f_chdrive                                0x080112f9   Thumb Code    26  ff.o(.text)
    f_chdir                                  0x08011313   Thumb Code   208  ff.o(.text)
    f_getcwd                                 0x080113e3   Thumb Code   346  ff.o(.text)
    f_lseek                                  0x0801153d   Thumb Code   680  ff.o(.text)
    f_opendir                                0x080117e5   Thumb Code   250  ff.o(.text)
    f_closedir                               0x080118df   Thumb Code    38  ff.o(.text)
    f_readdir                                0x08011905   Thumb Code   112  ff.o(.text)
    f_findnext                               0x08011975   Thumb Code    54  ff.o(.text)
    f_findfirst                              0x080119ab   Thumb Code    42  ff.o(.text)
    f_stat                                   0x080119d5   Thumb Code    96  ff.o(.text)
    f_getfree                                0x08011a35   Thumb Code   358  ff.o(.text)
    f_truncate                               0x08011b9b   Thumb Code   214  ff.o(.text)
    f_unlink                                 0x08011c71   Thumb Code   332  ff.o(.text)
    f_mkdir                                  0x08011dbd   Thumb Code   516  ff.o(.text)
    f_rename                                 0x08011fc1   Thumb Code   490  ff.o(.text)
    f_chmod                                  0x080121ab   Thumb Code   168  ff.o(.text)
    f_utime                                  0x08012253   Thumb Code   164  ff.o(.text)
    f_getlabel                               0x080122f7   Thumb Code   264  ff.o(.text)
    f_setlabel                               0x080123ff   Thumb Code   466  ff.o(.text)
    f_expand                                 0x080125d1   Thumb Code   492  ff.o(.text)
    f_forward                                0x080127bd   Thumb Code   422  ff.o(.text)
    f_mkfs                                   0x08012963   Thumb Code  3178  ff.o(.text)
    f_gets                                   0x080135cd   Thumb Code    86  ff.o(.text)
    f_putc                                   0x080136a7   Thumb Code    34  ff.o(.text)
    f_puts                                   0x080136c9   Thumb Code    44  ff.o(.text)
    f_printf                                 0x080136f5   Thumb Code   650  ff.o(.text)
    ff_convert                               0x08013981   Thumb Code    70  unicode.o(.text)
    ff_wtoupper                              0x080139c7   Thumb Code   156  unicode.o(.text)
    ff_memalloc                              0x08013a71   Thumb Code    12  syscall.o(.text)
    ff_memfree                               0x08013a7d   Thumb Code    12  syscall.o(.text)
    BSP_SD_MspInit                           0x08013a8d   Thumb Code   368  fatfs_sd_sdio.o(.text)
    BSP_SD_Init                              0x08013bfd   Thumb Code    78  fatfs_sd_sdio.o(.text)
    BSP_SD_MspDeInit                         0x08013c4b   Thumb Code    64  fatfs_sd_sdio.o(.text)
    BSP_SD_DeInit                            0x08013c8b   Thumb Code    38  fatfs_sd_sdio.o(.text)
    BSP_SD_ReadBlocks                        0x08013cb1   Thumb Code    42  fatfs_sd_sdio.o(.text)
    BSP_SD_WriteBlocks                       0x08013cdb   Thumb Code    42  fatfs_sd_sdio.o(.text)
    BSP_SD_Erase                             0x08013d05   Thumb Code    34  fatfs_sd_sdio.o(.text)
    BSP_SD_Detect_MspInit                    0x08013d27   Thumb Code     2  fatfs_sd_sdio.o(.text)
    SDIO_IRQHandler                          0x08013d29   Thumb Code    10  fatfs_sd_sdio.o(.text)
    DMA2_Stream6_IRQHandler                  0x08013d33   Thumb Code    12  fatfs_sd_sdio.o(.text)
    DMA2_Stream3_IRQHandler                  0x08013d3f   Thumb Code    12  fatfs_sd_sdio.o(.text)
    BSP_SD_GetStatus                         0x08013d4b   Thumb Code    20  fatfs_sd_sdio.o(.text)
    BSP_SD_GetCardInfo                       0x08013d5f   Thumb Code    14  fatfs_sd_sdio.o(.text)
    TM_FATFS_SD_SDIO_disk_initialize         0x08013d71   Thumb Code    46  fatfs_sd_sdio.o(.text)
    TM_FATFS_SD_SDIO_disk_status             0x08013d9f   Thumb Code    78  fatfs_sd_sdio.o(.text)
    TM_FATFS_SD_SDIO_disk_ioctl              0x08013ded   Thumb Code    86  fatfs_sd_sdio.o(.text)
    TM_FATFS_SD_SDIO_disk_read               0x08013e43   Thumb Code   114  fatfs_sd_sdio.o(.text)
    TM_FATFS_SD_SDIO_disk_write              0x08013eb5   Thumb Code    64  fatfs_sd_sdio.o(.text)
    __aeabi_uldivmod                         0x08013ef9   Thumb Code    98  uldiv.o(.text)
    __aeabi_memcpy                           0x08013f5b   Thumb Code    36  memcpya.o(.text)
    __aeabi_memcpy4                          0x08013f5b   Thumb Code     0  memcpya.o(.text)
    __aeabi_memcpy8                          0x08013f5b   Thumb Code     0  memcpya.o(.text)
    __aeabi_memset                           0x08013f7f   Thumb Code    14  memseta.o(.text)
    __aeabi_memset4                          0x08013f7f   Thumb Code     0  memseta.o(.text)
    __aeabi_memset8                          0x08013f7f   Thumb Code     0  memseta.o(.text)
    __aeabi_memclr                           0x08013f8d   Thumb Code     4  memseta.o(.text)
    __aeabi_memclr4                          0x08013f8d   Thumb Code     0  memseta.o(.text)
    __aeabi_memclr8                          0x08013f8d   Thumb Code     0  memseta.o(.text)
    _memset$wrapper                          0x08013f91   Thumb Code    18  memseta.o(.text)
    strlen                                   0x08013fa3   Thumb Code    14  strlen.o(.text)
    __aeabi_dadd                             0x08013fb1   Thumb Code   322  dadd.o(.text)
    __aeabi_dsub                             0x080140f3   Thumb Code     6  dadd.o(.text)
    __aeabi_drsub                            0x080140f9   Thumb Code     6  dadd.o(.text)
    __aeabi_dmul                             0x080140ff   Thumb Code   228  dmul.o(.text)
    __aeabi_ddiv                             0x080141e3   Thumb Code   222  ddiv.o(.text)
    __aeabi_i2d                              0x080142c1   Thumb Code    34  dflti.o(.text)
    __aeabi_f2d                              0x080142e3   Thumb Code    38  f2d.o(.text)
    __aeabi_cdcmpeq                          0x08014309   Thumb Code     0  cdcmple.o(.text)
    __aeabi_cdcmple                          0x08014309   Thumb Code    48  cdcmple.o(.text)
    __aeabi_d2f                              0x08014339   Thumb Code    56  d2f.o(.text)
    __aeabi_uidiv                            0x08014371   Thumb Code     0  uidiv.o(.text)
    __aeabi_uidivmod                         0x08014371   Thumb Code    44  uidiv.o(.text)
    __aeabi_llsl                             0x0801439d   Thumb Code    30  llshl.o(.text)
    _ll_shift_l                              0x0801439d   Thumb Code     0  llshl.o(.text)
    __aeabi_llsr                             0x080143bb   Thumb Code    32  llushr.o(.text)
    _ll_ushift_r                             0x080143bb   Thumb Code     0  llushr.o(.text)
    __aeabi_lasr                             0x080143db   Thumb Code    36  llsshr.o(.text)
    _ll_sshift_r                             0x080143db   Thumb Code     0  llsshr.o(.text)
    __I$use$fp                               0x080143ff   Thumb Code     0  iusefp.o(.text)
    _float_round                             0x080143ff   Thumb Code    18  fepilogue.o(.text)
    _float_epilogue                          0x08014411   Thumb Code    92  fepilogue.o(.text)
    _double_round                            0x0801446d   Thumb Code    30  depilogue.o(.text)
    _double_epilogue                         0x0801448b   Thumb Code   156  depilogue.o(.text)
    _dsqrt                                   0x08014527   Thumb Code   162  dsqrt.o(.text)
    __aeabi_d2ulz                            0x080145c9   Thumb Code    48  dfixul.o(.text)
    __aeabi_cdrcmple                         0x080145f9   Thumb Code    48  cdrcmple.o(.text)
    __scatterload                            0x08014629   Thumb Code    28  init.o(.text)
    __scatterload_rt2                        0x08014629   Thumb Code     0  init.o(.text)
    __decompress                             0x0801464d   Thumb Code     0  __dczerorl2.o(.text)
    __decompress1                            0x0801464d   Thumb Code    86  __dczerorl2.o(.text)
    __0sprintf                               0x080146a5   Thumb Code    34  printfa.o(i.__0sprintf)
    __1sprintf                               0x080146a5   Thumb Code     0  printfa.o(i.__0sprintf)
    __2sprintf                               0x080146a5   Thumb Code     0  printfa.o(i.__0sprintf)
    __c89sprintf                             0x080146a5   Thumb Code     0  printfa.o(i.__0sprintf)
    sprintf                                  0x080146a5   Thumb Code     0  printfa.o(i.__0sprintf)
    __ARM_fpclassify                         0x080146cd   Thumb Code    48  fpclassify.o(i.__ARM_fpclassify)
    free                                     0x080146fd   Thumb Code    88  mallocr.o(i.__free$realloc)
    __hardfp_asin                            0x08014759   Thumb Code   770  asin.o(i.__hardfp_asin)
    __hardfp_atan                            0x08014ab9   Thumb Code   622  atan.o(i.__hardfp_atan)
    __hardfp_atan2                           0x08014d91   Thumb Code   432  atan2.o(i.__hardfp_atan2)
    __hardfp_sqrt                            0x08014f81   Thumb Code   122  sqrt.o(i.__hardfp_sqrt)
    __kernel_poly                            0x08014ffb   Thumb Code   248  poly.o(i.__kernel_poly)
    malloc                                   0x080150f5   Thumb Code    64  mallocr.o(i.__malloc$realloc)
    __mathlib_dbl_infnan                     0x08015145   Thumb Code    20  dunder.o(i.__mathlib_dbl_infnan)
    __mathlib_dbl_infnan2                    0x08015159   Thumb Code    20  dunder.o(i.__mathlib_dbl_infnan2)
    __mathlib_dbl_invalid                    0x08015171   Thumb Code    24  dunder.o(i.__mathlib_dbl_invalid)
    __mathlib_dbl_underflow                  0x08015191   Thumb Code    24  dunder.o(i.__mathlib_dbl_underflow)
    __scatterload_copy                       0x080151b1   Thumb Code    14  handlers.o(i.__scatterload_copy)
    __scatterload_null                       0x080151bf   Thumb Code     2  handlers.o(i.__scatterload_null)
    __scatterload_zeroinit                   0x080151c1   Thumb Code    14  handlers.o(i.__scatterload_zeroinit)
    __set_errno                              0x080151d1   Thumb Code     6  errno.o(i.__set_errno)
    atan                                     0x08015a99   Thumb Code    16  atan.o(i.atan)
    fabs                                     0x08015aa9   Thumb Code    24  fabs.o(i.fabs)
    realloc                                  0x08015b11   Thumb Code   102  mallocr.o(i.realloc)
    sqrt                                     0x08015b7d   Thumb Code   110  sqrt.o(i.sqrt)
    dmpMemory                                0x08015bf2   Data        1929  tm_stm32_mpu6050_dmp_6axis_motionapps20.o(.constdata)
    dmpConfig                                0x0801637b   Data         192  tm_stm32_mpu6050_dmp_6axis_motionapps20.o(.constdata)
    dmpUpdates                               0x0801643b   Data          47  tm_stm32_mpu6050_dmp_6axis_motionapps20.o(.constdata)
    AHBPrescTable                            0x0801647e   Data          16  system_stm32f4xx.o(.constdata)
    APBPrescTable                            0x0801648e   Data           8  system_stm32f4xx.o(.constdata)
    __mathlib_zero                           0x08016a10   Data           8  qnan.o(.constdata)
    Region$$Table$$Base                      0x08016a60   Number         0  anon$$obj.o(Region$$Table)
    Region$$Table$$Limit                     0x08016a80   Number         0  anon$$obj.o(Region$$Table)
    uwTick                                   0x20000000   Data           4  stm32f4xx_hal.o(.data)
    TM_Time2                                 0x20000004   Data           4  tm_stm32_delay.o(.data)
    TM_Time                                  0x20000008   Data           4  tm_stm32_delay.o(.data)
    dmpPacketBuffer                          0x2000010c   Data           4  tm_stm32_mpu6050_dmp_6axis_motionapps20.o(.data)
    dmpPacketSize                            0x20000110   Data           2  tm_stm32_mpu6050_dmp_6axis_motionapps20.o(.data)
    TM_USART1                                0x20000114   Data          24  tm_stm32_usart.o(.data)
    TM_USART2                                0x2000012c   Data          24  tm_stm32_usart.o(.data)
    TM_USART3                                0x20000144   Data          24  tm_stm32_usart.o(.data)
    TM_UART4                                 0x2000015c   Data          24  tm_stm32_usart.o(.data)
    TM_UART5                                 0x20000174   Data          24  tm_stm32_usart.o(.data)
    TM_USART6                                0x2000018c   Data          24  tm_stm32_usart.o(.data)
    fres                                     0x200001a8   Data           1  main.o(.data)
    CardSize                                 0x200001ac   Data           8  main.o(.data)
    byteread                                 0x200001b4   Data           4  main.o(.data)
    dataco                                   0x200001b8   Data           2  main.o(.data)
    write                                    0x200001ba   Data           1  main.o(.data)
    filenumber                               0x200001bb   Data           1  main.o(.data)
    accelerationX                            0x200001c0   Data           8  main.o(.data)
    accelerationY                            0x200001c8   Data           8  main.o(.data)
    accelerationZ                            0x200001d0   Data           8  main.o(.data)
    Gyroscope_x                              0x200001d8   Data           8  main.o(.data)
    Gyroscope_y                              0x200001e0   Data           8  main.o(.data)
    Gyroscope_z                              0x200001e8   Data           8  main.o(.data)
    Yaw_offset                               0x200001f0   Data           4  main.o(.data)
    Pitch_offset                             0x200001f4   Data           4  main.o(.data)
    Roll_offset                              0x200001f8   Data           4  main.o(.data)
    thongbao                                 0x200001fc   Data           1  main.o(.data)
    acc                                      0x20000200   Data           8  main.o(.data)
    MPU6050_Interrupts                       0x20000208   Data           1  main.o(.data)
    read                                     0x2000020c   Data           4  main.o(.data)
    devStatus                                0x20000210   Data           1  main.o(.data)
    mpuIntStatus                             0x20000211   Data           1  main.o(.data)
    dmpReady                                 0x20000212   Data           1  main.o(.data)
    packetSize                               0x20000214   Data           2  main.o(.data)
    Yaw                                      0x20000218   Data           4  main.o(.data)
    Pitch                                    0x2000021c   Data           4  main.o(.data)
    Roll                                     0x20000220   Data           4  main.o(.data)
    mpuInterrupt                             0x20000224   Data           1  main.o(.data)
    fifoCount                                0x20000226   Data           2  main.o(.data)
    k                                        0x20000228   Data           1  main.o(.data)
    SystemCoreClock                          0x2000022c   Data           4  system_stm32f4xx.o(.data)
    FATFS_LowLevelDrivers                    0x20000230   Data         180  diskio.o(.data)
    __microlib_freelist                      0x200002e8   Data           4  mvars.o(.data)
    __microlib_freelist_initialised          0x200002ec   Data           4  mvars.o(.data)
    mpu6050                                  0x20000328   Data          15  tm_stm32_mpu6050_dmp.o(.bss)
    USART1_Buffer                            0x20000338   Data          32  tm_stm32_usart.o(.bss)
    USART2_Buffer                            0x20000358   Data          32  tm_stm32_usart.o(.bss)
    USART3_Buffer                            0x20000378   Data          32  tm_stm32_usart.o(.bss)
    UART4_Buffer                             0x20000398   Data          32  tm_stm32_usart.o(.bss)
    UART5_Buffer                             0x200003b8   Data          32  tm_stm32_usart.o(.bss)
    USART6_Buffer                            0x200003d8   Data          32  tm_stm32_usart.o(.bss)
    FS                                       0x20000438   Data         584  main.o(.bss)
    fil                                      0x20000680   Data         592  main.o(.bss)
    bufferread                               0x200008d0   Data         100  main.o(.bss)
    buffer                                   0x20000934   Data         100  main.o(.bss)
    filename                                 0x20000998   Data          30  main.o(.bss)
    MPU6050                                  0x200009b8   Data          28  main.o(.bss)
    q                                        0x200009d4   Data          16  main.o(.bss)
    gravity                                  0x200009e4   Data          12  main.o(.bss)
    ypr                                      0x200009f0   Data          12  main.o(.bss)
    fifoBuffer                               0x200009fc   Data          64  main.o(.bss)
    buff_char                                0x20000a3c   Data          50  main.o(.bss)
    __heap_base                              0x20000d38   Data           0  startup_stm32f407xx.o(HEAP)
    __heap_limit                             0x20001d38   Data           0  startup_stm32f407xx.o(HEAP)
    __initial_sp                             0x20002138   Data           0  startup_stm32f407xx.o(STACK)



==============================================================================

Memory Map of the image

  Image Entry point : 0x08000189

  Load Region LR_IROM1 (Base: 0x08000000, Size: 0x00016d74, Max: 0x00100000, ABSOLUTE, COMPRESSED[0x00016b04])

    Execution Region ER_IROM1 (Base: 0x08000000, Size: 0x00016a80, Max: 0x00100000, ABSOLUTE)

    Base Addr    Size         Type   Attr      Idx    E Section Name        Object

    0x08000000   0x00000188   Data   RO            3    RESET               startup_stm32f407xx.o
    0x08000188   0x00000000   Code   RO         1601  * .ARM.Collect$$$$00000000  mc_w.l(entry.o)
    0x08000188   0x00000004   Code   RO         1950    .ARM.Collect$$$$00000001  mc_w.l(entry2.o)
    0x0800018c   0x00000004   Code   RO         1953    .ARM.Collect$$$$00000004  mc_w.l(entry5.o)
    0x08000190   0x00000000   Code   RO         1955    .ARM.Collect$$$$00000008  mc_w.l(entry7b.o)
    0x08000190   0x00000000   Code   RO         1957    .ARM.Collect$$$$0000000A  mc_w.l(entry8b.o)
    0x08000190   0x00000008   Code   RO         1958    .ARM.Collect$$$$0000000B  mc_w.l(entry9a.o)
    0x08000198   0x00000000   Code   RO         1960    .ARM.Collect$$$$0000000D  mc_w.l(entry10a.o)
    0x08000198   0x00000000   Code   RO         1962    .ARM.Collect$$$$0000000F  mc_w.l(entry11a.o)
    0x08000198   0x00000004   Code   RO         1951    .ARM.Collect$$$$00002712  mc_w.l(entry2.o)
    0x0800019c   0x00000024   Code   RO            4    .text               startup_stm32f407xx.o
    0x080001c0   0x000001c4   Code   RO           13    .text               stm32f4xx_hal.o
    0x08000384   0x00000384   Code   RO          269    .text               stm32f4xx_hal_cortex.o
    0x08000708   0x000008b8   Code   RO          297    .text               stm32f4xx_hal_dma.o
    0x08000fc0   0x000003ac   Code   RO          364    .text               stm32f4xx_hal_gpio.o
    0x0800136c   0x00003764   Code   RO          388    .text               stm32f4xx_hal_i2c.o
    0x08004ad0   0x00000990   Code   RO          478    .text               stm32f4xx_hal_rcc.o
    0x08005460   0x000013ae   Code   RO          526    .text               stm32f4xx_hal_uart.o
    0x0800680e   0x00000002   PAD
    0x08006810   0x00001908   Code   RO          644    .text               stm32f4xx_hal_sd.o
    0x08008118   0x00000a08   Code   RO          710    .text               stm32f4xx_ll_sdmmc.o
    0x08008b20   0x000000b4   Code   RO          761    .text               tm_stm32_rcc.o
    0x08008bd4   0x00000300   Code   RO          797    .text               tm_stm32_gpio.o
    0x08008ed4   0x00000274   Code   RO          823    .text               tm_stm32_delay.o
    0x08009148   0x00000098   Code   RO          860    .text               tm_stm32_disco.o
    0x080091e0   0x000003fc   Code   RO          889    .text               tm_stm32_buffer.o
    0x080095dc   0x00000560   Code   RO          919    .text               tm_stm32_i2c.o
    0x08009b3c   0x00000398   Code   RO          951    .text               tm_stm32_mpu6050.o
    0x08009ed4   0x00000424   Code   RO          981    .text               tm_stm32_exti.o
    0x0800a2f8   0x00002070   Code   RO         1005    .text               tm_stm32_mpu6050_dmp.o
    0x0800c368   0x00000a74   Code   RO         1057    .text               tm_stm32_mpu6050_dmp_6axis_motionapps20.o
    0x0800cddc   0x0000092c   Code   RO         1092    .text               tm_stm32_usart.o
    0x0800d708   0x000002fc   Code   RO         1222    .text               tm_stm32_dma.o
    0x0800da04   0x000006e8   Code   RO         1275    .text               main.o
    0x0800e0ec   0x00000022   Code   RO         1319    .text               stm32fxxx_it.o
    0x0800e10e   0x00000002   PAD
    0x0800e110   0x00000120   Code   RO         1346    .text               system_stm32f4xx.o
    0x0800e230   0x000001dc   Code   RO         1377    .text               diskio.o
    0x0800e40c   0x00005572   Code   RO         1416    .text               ff.o
    0x0801397e   0x00000002   PAD
    0x08013980   0x000000f0   Code   RO         1439    .text               unicode.o
    0x08013a70   0x00000018   Code   RO         1465    .text               syscall.o
    0x08013a88   0x00000470   Code   RO         1522    .text               fatfs_sd_sdio.o
    0x08013ef8   0x00000062   Code   RO         1604    .text               mc_w.l(uldiv.o)
    0x08013f5a   0x00000024   Code   RO         1606    .text               mc_w.l(memcpya.o)
    0x08013f7e   0x00000024   Code   RO         1608    .text               mc_w.l(memseta.o)
    0x08013fa2   0x0000000e   Code   RO         1610    .text               mc_w.l(strlen.o)
    0x08013fb0   0x0000014e   Code   RO         1905    .text               mf_w.l(dadd.o)
    0x080140fe   0x000000e4   Code   RO         1907    .text               mf_w.l(dmul.o)
    0x080141e2   0x000000de   Code   RO         1909    .text               mf_w.l(ddiv.o)
    0x080142c0   0x00000022   Code   RO         1913    .text               mf_w.l(dflti.o)
    0x080142e2   0x00000026   Code   RO         1919    .text               mf_w.l(f2d.o)
    0x08014308   0x00000030   Code   RO         1921    .text               mf_w.l(cdcmple.o)
    0x08014338   0x00000038   Code   RO         1923    .text               mf_w.l(d2f.o)
    0x08014370   0x0000002c   Code   RO         1967    .text               mc_w.l(uidiv.o)
    0x0801439c   0x0000001e   Code   RO         1969    .text               mc_w.l(llshl.o)
    0x080143ba   0x00000020   Code   RO         1971    .text               mc_w.l(llushr.o)
    0x080143da   0x00000024   Code   RO         1973    .text               mc_w.l(llsshr.o)
    0x080143fe   0x00000000   Code   RO         1984    .text               mc_w.l(iusefp.o)
    0x080143fe   0x0000006e   Code   RO         1985    .text               mf_w.l(fepilogue.o)
    0x0801446c   0x000000ba   Code   RO         1987    .text               mf_w.l(depilogue.o)
    0x08014526   0x000000a2   Code   RO         1989    .text               mf_w.l(dsqrt.o)
    0x080145c8   0x00000030   Code   RO         1991    .text               mf_w.l(dfixul.o)
    0x080145f8   0x00000030   Code   RO         1993    .text               mf_w.l(cdrcmple.o)
    0x08014628   0x00000024   Code   RO         1995    .text               mc_w.l(init.o)
    0x0801464c   0x00000056   Code   RO         2007    .text               mc_w.l(__dczerorl2.o)
    0x080146a2   0x00000002   PAD
    0x080146a4   0x00000028   Code   RO         1851    i.__0sprintf        mc_w.l(printfa.o)
    0x080146cc   0x00000030   Code   RO         1945    i.__ARM_fpclassify  m_wm.l(fpclassify.o)
    0x080146fc   0x0000005c   Code   RO         1881    i.__free$realloc    mc_w.l(mallocr.o)
    0x08014758   0x00000360   Code   RO         1549    i.__hardfp_asin     m_wm.l(asin.o)
    0x08014ab8   0x000002d8   Code   RO         1563    i.__hardfp_atan     m_wm.l(atan.o)
    0x08014d90   0x000001f0   Code   RO         1577    i.__hardfp_atan2    m_wm.l(atan2.o)
    0x08014f80   0x0000007a   Code   RO         1589    i.__hardfp_sqrt     m_wm.l(sqrt.o)
    0x08014ffa   0x000000f8   Code   RO         1947    i.__kernel_poly     m_wm.l(poly.o)
    0x080150f2   0x00000002   PAD
    0x080150f4   0x00000050   Code   RO         1882    i.__malloc$realloc  mc_w.l(mallocr.o)
    0x08015144   0x00000014   Code   RO         1926    i.__mathlib_dbl_infnan  m_wm.l(dunder.o)
    0x08015158   0x00000014   Code   RO         1927    i.__mathlib_dbl_infnan2  m_wm.l(dunder.o)
    0x0801516c   0x00000004   PAD
    0x08015170   0x00000020   Code   RO         1928    i.__mathlib_dbl_invalid  m_wm.l(dunder.o)
    0x08015190   0x00000020   Code   RO         1931    i.__mathlib_dbl_underflow  m_wm.l(dunder.o)
    0x080151b0   0x0000000e   Code   RO         2001    i.__scatterload_copy  mc_w.l(handlers.o)
    0x080151be   0x00000002   Code   RO         2002    i.__scatterload_null  mc_w.l(handlers.o)
    0x080151c0   0x0000000e   Code   RO         2003    i.__scatterload_zeroinit  mc_w.l(handlers.o)
    0x080151ce   0x00000002   PAD
    0x080151d0   0x0000000c   Code   RO         1979    i.__set_errno       mc_w.l(errno.o)
    0x080151dc   0x00000184   Code   RO         1856    i._fp_digits        mc_w.l(printfa.o)
    0x08015360   0x000006dc   Code   RO         1857    i._printf_core      mc_w.l(printfa.o)
    0x08015a3c   0x00000024   Code   RO         1858    i._printf_post_padding  mc_w.l(printfa.o)
    0x08015a60   0x0000002e   Code   RO         1859    i._printf_pre_padding  mc_w.l(printfa.o)
    0x08015a8e   0x0000000a   Code   RO         1861    i._sputc            mc_w.l(printfa.o)
    0x08015a98   0x00000010   Code   RO         1565    i.atan              m_wm.l(atan.o)
    0x08015aa8   0x00000018   Code   RO         1941    i.fabs              m_wm.l(fabs.o)
    0x08015ac0   0x00000050   Code   RO         1883    i.internal_alloc    mc_w.l(mallocr.o)
    0x08015b10   0x0000006c   Code   RO         1884    i.realloc           mc_w.l(mallocr.o)
    0x08015b7c   0x0000006e   Code   RO         1591    i.sqrt              m_wm.l(sqrt.o)
    0x08015bea   0x00000008   Data   RO          298    .constdata          stm32f4xx_hal_dma.o
    0x08015bf2   0x00000878   Data   RO         1058    .constdata          tm_stm32_mpu6050_dmp_6axis_motionapps20.o
    0x0801646a   0x00000014   Data   RO         1223    .constdata          tm_stm32_dma.o
    0x0801647e   0x00000018   Data   RO         1347    .constdata          system_stm32f4xx.o
    0x08016496   0x00000002   PAD
    0x08016498   0x000000e0   Data   RO         1418    .constdata          ff.o
    0x08016578   0x000003ae   Data   RO         1440    .constdata          unicode.o
    0x08016926   0x00000002   PAD
    0x08016928   0x00000050   Data   RO         1552    .constdata          m_wm.l(asin.o)
    0x08016978   0x00000098   Data   RO         1566    .constdata          m_wm.l(atan.o)
    0x08016a10   0x00000008   Data   RO         1949    .constdata          m_wm.l(qnan.o)
    0x08016a18   0x00000046   Data   RO         1419    .conststring        ff.o
    0x08016a5e   0x00000002   PAD
    0x08016a60   0x00000020   Data   RO         1999    Region$$Table       anon$$obj.o


    Execution Region RW_IRAM1 (Base: 0x20000000, Size: 0x00002138, Max: 0x00020000, ABSOLUTE, COMPRESSED[0x00000084])

    Base Addr    Size         Type   Attr      Idx    E Section Name        Object

    0x20000000   0x00000004   Data   RW           14    .data               stm32f4xx_hal.o
    0x20000004   0x00000008   Data   RW          825    .data               tm_stm32_delay.o
    0x2000000c   0x00000001   Data   RW          861    .data               tm_stm32_disco.o
    0x2000000d   0x00000003   PAD
    0x20000010   0x000000fc   Data   RW          920    .data               tm_stm32_i2c.o
    0x2000010c   0x00000006   Data   RW         1059    .data               tm_stm32_mpu6050_dmp_6axis_motionapps20.o
    0x20000112   0x00000002   PAD
    0x20000114   0x00000090   Data   RW         1094    .data               tm_stm32_usart.o
    0x200001a4   0x00000004   PAD
    0x200001a8   0x00000081   Data   RW         1277    .data               main.o
    0x20000229   0x00000003   PAD
    0x2000022c   0x00000004   Data   RW         1348    .data               system_stm32f4xx.o
    0x20000230   0x000000b4   Data   RW         1378    .data               diskio.o
    0x200002e4   0x00000003   Data   RW         1420    .data               ff.o
    0x200002e7   0x00000001   Data   RW         1524    .data               fatfs_sd_sdio.o
    0x200002e8   0x00000004   Data   RW         1975    .data               mc_w.l(mvars.o)
    0x200002ec   0x00000004   Data   RW         1976    .data               mc_w.l(mvars.o)
    0x200002f0   0x00000004   Data   RW         1980    .data               mc_w.l(errno.o)
    0x200002f4   0x0000001a   Zero   RW          798    .bss                tm_stm32_gpio.o
    0x2000030e   0x00000002   PAD
    0x20000310   0x00000018   Zero   RW          824    .bss                tm_stm32_delay.o
    0x20000328   0x0000000f   Zero   RW         1006    .bss                tm_stm32_mpu6050_dmp.o
    0x20000337   0x00000001   PAD
    0x20000338   0x00000100   Zero   RW         1093    .bss                tm_stm32_usart.o
    0x20000438   0x00000636   Zero   RW         1276    .bss                main.o
    0x20000a6e   0x00000002   PAD
    0x20000a70   0x000000c4   Zero   RW         1417    .bss                ff.o
    0x20000b34   0x00000204   Zero   RW         1523    .bss                fatfs_sd_sdio.o
    0x20000d38   0x00001000   Zero   RW            2    HEAP                startup_stm32f407xx.o
    0x20001d38   0x00000400   Zero   RW            1    STACK               startup_stm32f407xx.o


==============================================================================

Image component sizes


      Code (inc. data)   RO Data    RW Data    ZI Data      Debug   Object Name

       476          8          0        180          0      11526   diskio.o
      1136         54          0          1        516       6257   fatfs_sd_sdio.o
     21874        198        294          3        196      56536   ff.o
         0          0          0          0          0        572   helper_3dmath.o
      1768        370          0        129       1590       4432   main.o
        36          8        392          0       5120        968   startup_stm32f407xx.o
       452         34          0          4          0     689302   stm32f4xx_hal.o
       900         22          0          0          0      32078   stm32f4xx_hal_cortex.o
      2232         30          8          0          0       7181   stm32f4xx_hal_dma.o
       940         46          0          0          0       3667   stm32f4xx_hal_gpio.o
     14180        166          0          0          0      33314   stm32f4xx_hal_i2c.o
      2448         66          0          0          0       5267   stm32f4xx_hal_rcc.o
      6408         44          0          0          0      17621   stm32f4xx_hal_sd.o
      5038         50          0          0          0      16184   stm32f4xx_hal_uart.o
      2568         20          0          0          0      14865   stm32f4xx_ll_sdmmc.o
        34          0          0          0          0       1468   stm32fxxx_it.o
        24          0          0          0          0        761   syscall.o
       288         32         24          4          0       1545   system_stm32f4xx.o
      1020          0          0          0          0       7295   tm_stm32_buffer.o
       628         20          0          8         24       6844   tm_stm32_delay.o
       152         14          0          1          0       1666   tm_stm32_disco.o
       764         22         20          0          0       6597   tm_stm32_dma.o
      1060         14          0          0          0       3236   tm_stm32_exti.o
         0          0          0          0          0       4208   tm_stm32_fatfs.o
       768         10          0          0         26       5656   tm_stm32_gpio.o
      1376         48          0        252          0       9177   tm_stm32_i2c.o
       920         48          0          0          0       8068   tm_stm32_mpu6050.o
      8304         40          0          0         15      72380   tm_stm32_mpu6050_dmp.o
      2676         36       2168          6          0       8017   tm_stm32_mpu6050_dmp_6axis_motionapps20.o
       180          8          0          0          0       3520   tm_stm32_rcc.o
      2348        134          0        144        256      15492   tm_stm32_usart.o
       240         24        942          0          0       2169   unicode.o

    ----------------------------------------------------------------------
     81244       1566       3886        744       7748    1057869   Object Totals
         0          0         32          0          0          0   (incl. Generated)
         6          0          6         12          5          0   (incl. Padding)

    ----------------------------------------------------------------------

      Code (inc. data)   RO Data    RW Data    ZI Data      Debug   Library Member Name

       864         94         80          0          0        280   asin.o
       744        106        152          0          0        352   atan.o
       496         64          0          0          0        192   atan2.o
       104         16          0          0          0        496   dunder.o
        24          0          0          0          0        124   fabs.o
        48          0          0          0          0        124   fpclassify.o
       248          0          0          0          0        152   poly.o
         0          0          8          0          0          0   qnan.o
       232          0          0          0          0        296   sqrt.o
        86          0          0          0          0          0   __dczerorl2.o
         0          0          0          0          0          0   entry.o
         0          0          0          0          0          0   entry10a.o
         0          0          0          0          0          0   entry11a.o
         8          4          0          0          0          0   entry2.o
         4          0          0          0          0          0   entry5.o
         0          0          0          0          0          0   entry7b.o
         0          0          0          0          0          0   entry8b.o
         8          4          0          0          0          0   entry9a.o
        12          6          0          4          0         68   errno.o
        30          0          0          0          0          0   handlers.o
        36          8          0          0          0         68   init.o
         0          0          0          0          0          0   iusefp.o
        30          0          0          0          0         68   llshl.o
        36          0          0          0          0         68   llsshr.o
        32          0          0          0          0         68   llushr.o
       360         30          0          0          0        356   mallocr.o
        36          0          0          0          0         68   memcpya.o
        36          0          0          0          0        108   memseta.o
         0          0          0          8          0          0   mvars.o
      2276         86          0          0          0        520   printfa.o
        14          0          0          0          0         68   strlen.o
        44          0          0          0          0         80   uidiv.o
        98          0          0          0          0         92   uldiv.o
        48          0          0          0          0         68   cdcmple.o
        48          0          0          0          0         68   cdrcmple.o
        56          0          0          0          0         88   d2f.o
       334          0          0          0          0        148   dadd.o
       222          0          0          0          0        100   ddiv.o
       186          0          0          0          0        176   depilogue.o
        48          0          0          0          0         68   dfixul.o
        34          0          0          0          0         76   dflti.o
       228          0          0          0          0         96   dmul.o
       162          0          0          0          0        100   dsqrt.o
        38          0          0          0          0         68   f2d.o
       110          0          0          0          0        168   fepilogue.o

    ----------------------------------------------------------------------
      7430        418        240         12          0       4872   Library Totals
        10          0          0          0          0          0   (incl. Padding)

    ----------------------------------------------------------------------

      Code (inc. data)   RO Data    RW Data    ZI Data      Debug   Library Name

      2760        280        240          0          0       2016   m_wm.l
      3146        138          0         12          0       1632   mc_w.l
      1514          0          0          0          0       1224   mf_w.l

    ----------------------------------------------------------------------
      7430        418        240         12          0       4872   Library Totals

    ----------------------------------------------------------------------

==============================================================================


      Code (inc. data)   RO Data    RW Data    ZI Data      Debug   

     88674       1984       4126        756       7748    1052917   Grand Totals
     88674       1984       4126        132       7748    1052917   ELF Image Totals (compressed)
     88674       1984       4126        132          0          0   ROM Totals

==============================================================================

    Total RO  Size (Code + RO Data)                92800 (  90.63kB)
    Total RW  Size (RW Data + ZI Data)              8504 (   8.30kB)
    Total ROM Size (Code + RO Data + RW Data)      92932 (  90.75kB)

==============================================================================

